Archive member included to satisfy reference by file (symbol)

.build/obj_copy_paste_board_v1/i2c_master.a(i2c_master.o)
                              .build/obj_copy_paste_board_v1/oled_driver.o (i2c_init)
C:/QMK_MSYS/opt/qmk/bin/../lib/gcc/arm-none-eabi/15.2.0/thumb/v6-m/nofp\libgcc.a(_thumb1_case_sqi.o)
                              .build/obj_copy_paste_board_v1/quantum/keycode_config.o (__gnu_thumb1_case_sqi)
C:/QMK_MSYS/opt/qmk/bin/../lib/gcc/arm-none-eabi/15.2.0/thumb/v6-m/nofp\libgcc.a(_thumb1_case_uqi.o)
                              .build/obj_copy_paste_board_v1/quantum/keymap_introspection.o (__gnu_thumb1_case_uqi)
C:/QMK_MSYS/opt/qmk/bin/../lib/gcc/arm-none-eabi/15.2.0/thumb/v6-m/nofp\libgcc.a(_thumb1_case_shi.o)
                              .build/obj_copy_paste_board_v1/lib/chibios/os/hal/lib/streams/chprintf.o (__gnu_thumb1_case_shi)
C:/QMK_MSYS/opt/qmk/bin/../lib/gcc/arm-none-eabi/15.2.0/thumb/v6-m/nofp\libgcc.a(_thumb1_case_uhi.o)
                              .build/obj_copy_paste_board_v1/quantum/action.o (__gnu_thumb1_case_uhi)
C:/QMK_MSYS/opt/qmk/bin/../lib/gcc/arm-none-eabi/15.2.0/thumb/v6-m/nofp\libgcc.a(_dvmd_tls.o)
                              .build/obj_copy_paste_board_v1/./lib/pico-sdk/src/rp2_common/pico_divider/divider.o (__aeabi_idiv0)
C:/QMK_MSYS/opt/qmk/bin/../lib/gcc/arm-none-eabi/15.2.0/thumb/v6-m/nofp\libgcc.a(_ctzsi2.o)
                              .build/obj_copy_paste_board_v1/./lib/pico-sdk/src/rp2_common/hardware_pio/pio.o (__ctzsi2)
C:/QMK_MSYS/opt/qmk/bin/../lib/gcc/arm-none-eabi/15.2.0/../../../../arm-none-eabi/lib/thumb/v6-m/nofp\libc_nano.a(libc_a-abort.o)
                              .build/obj_copy_paste_board_v1/lib/chibios/os/various/newlib_bindings/syscalls.o (abort)
C:/QMK_MSYS/opt/qmk/bin/../lib/gcc/arm-none-eabi/15.2.0/../../../../arm-none-eabi/lib/thumb/v6-m/nofp\libc_nano.a(libc_a-rand.o)
                              .build/obj_copy_paste_board_v1/quantum/send_string/send_string.o (rand)
C:/QMK_MSYS/opt/qmk/bin/../lib/gcc/arm-none-eabi/15.2.0/../../../../arm-none-eabi/lib/thumb/v6-m/nofp\libc_nano.a(libc_a-ctype_.o)
                              .build/obj_copy_paste_board_v1/quantum/send_string/send_string.o (_ctype_)
C:/QMK_MSYS/opt/qmk/bin/../lib/gcc/arm-none-eabi/15.2.0/../../../../arm-none-eabi/lib/thumb/v6-m/nofp\libc_nano.a(libc_a-memcmp.o)
                              .build/obj_copy_paste_board_v1/quantum/action_util.o (memcmp)
C:/QMK_MSYS/opt/qmk/bin/../lib/gcc/arm-none-eabi/15.2.0/../../../../arm-none-eabi/lib/thumb/v6-m/nofp\libc_nano.a(libc_a-memmove.o)
                              .build/obj_copy_paste_board_v1/oled_driver.o (memmove)
C:/QMK_MSYS/opt/qmk/bin/../lib/gcc/arm-none-eabi/15.2.0/../../../../arm-none-eabi/lib/thumb/v6-m/nofp\libc_nano.a(libc_a-memset.o)
                              .build/obj_copy_paste_board_v1/quantum/keymap_introspection.o (memset)
C:/QMK_MSYS/opt/qmk/bin/../lib/gcc/arm-none-eabi/15.2.0/../../../../arm-none-eabi/lib/thumb/v6-m/nofp\libc_nano.a(libc_a-signal.o)
                              C:/QMK_MSYS/opt/qmk/bin/../lib/gcc/arm-none-eabi/15.2.0/../../../../arm-none-eabi/lib/thumb/v6-m/nofp\libc_nano.a(libc_a-abort.o) (raise)
C:/QMK_MSYS/opt/qmk/bin/../lib/gcc/arm-none-eabi/15.2.0/../../../../arm-none-eabi/lib/thumb/v6-m/nofp\libc_nano.a(libc_a-impure.o)
                              C:/QMK_MSYS/opt/qmk/bin/../lib/gcc/arm-none-eabi/15.2.0/../../../../arm-none-eabi/lib/thumb/v6-m/nofp\libc_nano.a(libc_a-rand.o) (_impure_ptr)
C:/QMK_MSYS/opt/qmk/bin/../lib/gcc/arm-none-eabi/15.2.0/../../../../arm-none-eabi/lib/thumb/v6-m/nofp\libc_nano.a(libc_a-signalr.o)
                              C:/QMK_MSYS/opt/qmk/bin/../lib/gcc/arm-none-eabi/15.2.0/../../../../arm-none-eabi/lib/thumb/v6-m/nofp\libc_nano.a(libc_a-signal.o) (_kill_r)
C:/QMK_MSYS/opt/qmk/bin/../lib/gcc/arm-none-eabi/15.2.0/../../../../arm-none-eabi/lib/thumb/v6-m/nofp\libc_nano.a(libc_a-errno.o)
                              .build/obj_copy_paste_board_v1/platforms/chibios/syscall-fallbacks.o (__errno)
C:/QMK_MSYS/opt/qmk/bin/../lib/gcc/arm-none-eabi/15.2.0/../../../../arm-none-eabi/lib/thumb/v6-m/nofp\libc_nano.a(libc_a-memcpy-stub.o)
                              .build/obj_copy_paste_board_v1/quantum/action_tapping.o (memcpy)
C:/QMK_MSYS/opt/qmk/bin/../lib/gcc/arm-none-eabi/15.2.0/../../../../arm-none-eabi/lib/thumb/v6-m/nofp\libc_nano.a(libc_a-strlen.o)
                              .build/obj_copy_paste_board_v1/oled_driver.o (strlen)
C:/QMK_MSYS/opt/qmk/bin/../lib/gcc/arm-none-eabi/15.2.0/../../../../arm-none-eabi/lib/thumb/v6-m/nofp\libc_nano.a(libc_a-assert.o)
                              C:/QMK_MSYS/opt/qmk/bin/../lib/gcc/arm-none-eabi/15.2.0/../../../../arm-none-eabi/lib/thumb/v6-m/nofp\libc_nano.a(libc_a-rand.o) (__assert_func)
C:/QMK_MSYS/opt/qmk/bin/../lib/gcc/arm-none-eabi/15.2.0/../../../../arm-none-eabi/lib/thumb/v6-m/nofp\libc_nano.a(libc_a-malloc.o)
[...]
Memory Configuration

Name             Origin             Length             Attributes
flash0           0x00000000         0x00004000         xr
flash1           0x10000000         0x00200000         xr
flash2           0x00000000         0x00000000         xr
flash3           0x00000000         0x00000000         xr
flash4           0x00000000         0x00000000         xr
flash5           0x00000000         0x00000000         xr
flash6           0x00000000         0x00000000         xr
flash7           0x00000000         0x00000000         xr
ram0             0x20000000         0x00040000         xw
ram1             0x00000000         0x00040000         xw
ram2             0x00000000         0x00000000         xw
ram3             0x00000000         0x00000000         xw
ram4             0x20040000         0x00001000         xw
ram5             0x20041000         0x00001000         xw
ram6             0x00000000         0x00000000         xw
ram7             0x20041f00         0x00000100         xw
*default*        0x00000000         0xffffffff

Linker script and memory map

LOAD .build/obj_copy_paste_board_v1/.build/obj_copy_paste_board_v1/src/default_keyboard.o
LOAD .build/obj_copy_paste_board_v1/quantum/keymap_introspection.o
LOAD .build/obj_copy_paste_board_v1/quantum/quantum.o
LOAD .build/obj_copy_paste_board_v1/quantum/bitwise.o
LOAD .build/obj_copy_paste_board_v1/quantum/led.o
LOAD .build/obj_copy_paste_board_v1/quantum/action.o
LOAD .build/obj_copy_paste_board_v1/quantum/action_layer.o
LOAD .build/obj_copy_paste_board_v1/quantum/action_tapping.o
LOAD .build/obj_copy_paste_board_v1/quantum/action_util.o
LOAD .build/obj_copy_paste_board_v1/quantum/eeconfig.o
LOAD .build/obj_copy_paste_board_v1/quantum/keyboard.o
LOAD .build/obj_copy_paste_board_v1/quantum/keymap_common.o
LOAD .build/obj_copy_paste_board_v1/quantum/keycode_config.o
LOAD .build/obj_copy_paste_board_v1/quantum/sync_timer.o
LOAD .build/obj_copy_paste_board_v1/quantum/logging/debug.o
LOAD .build/obj_copy_paste_board_v1/quantum/logging/sendchar.o
LOAD .build/obj_copy_paste_board_v1/quantum/process_keycode/process_default_layer.o
LOAD .build/obj_copy_paste_board_v1/quantum/process_keycode/process_oneshot.o
LOAD .build/obj_copy_paste_board_v1/quantum/process_keycode/process_quantum.o
LOAD .build/obj_copy_paste_board_v1/nvm_eeconfig.o
LOAD .build/obj_copy_paste_board_v1/quantum/logging/print.o
LOAD .build/obj_copy_paste_board_v1/quantum/matrix_common.o
LOAD .build/obj_copy_paste_board_v1/quantum/matrix.o
LOAD .build/obj_copy_paste_board_v1/quantum/debounce/sym_defer_g.o
LOAD .build/obj_copy_paste_board_v1/quantum/main.o
LOAD .build/obj_copy_paste_board_v1/printf.o
LOAD .build/obj_copy_paste_board_v1/eeprom_driver.o
LOAD .build/obj_copy_paste_board_v1/eeprom_wear_leveling.o
LOAD .build/obj_copy_paste_board_v1/wear_leveling.o
LOAD .build/obj_copy_paste_board_v1/wear_leveling_rp2040_flash.o
LOAD .build/obj_copy_paste_board_v1/raw_hid.o
LOAD .build/obj_copy_paste_board_v1/qmk_fnv_type_validation.o
LOAD .build/obj_copy_paste_board_v1/hash_32a.o
LOAD .build/obj_copy_paste_board_v1/hash_64a.o
LOAD .build/obj_copy_paste_board_v1/oled_driver.o
LOAD .build/obj_copy_paste_board_v1/quantum/bootmagic/bootmagic.o
LOAD .build/obj_copy_paste_board_v1/quantum/process_keycode/process_grave_esc.o
LOAD .build/obj_copy_paste_board_v1/quantum/process_keycode/process_magic.o
LOAD .build/obj_copy_paste_board_v1/quantum/mousekey.o
LOAD .build/obj_copy_paste_board_v1/quantum/send_string/send_string.o
LOAD .build/obj_copy_paste_board_v1/quantum/process_keycode/process_space_cadet.o
LOAD .build/obj_copy_paste_board_v1/protocol/host.o
LOAD .build/obj_copy_paste_board_v1/protocol/report.o
LOAD .build/obj_copy_paste_board_v1/protocol/usb_device_state.o
LOAD .build/obj_copy_paste_board_v1/protocol/usb_util.o
LOAD .build/obj_copy_paste_board_v1/platforms/suspend.o
LOAD .build/obj_copy_paste_board_v1/platforms/synchronization_util.o
LOAD .build/obj_copy_paste_board_v1/platforms/timer.o
LOAD .build/obj_copy_paste_board_v1/platforms/chibios/hardware_id.o
LOAD .build/obj_copy_paste_board_v1/platforms/chibios/platform.o
LOAD .build/obj_copy_paste_board_v1/platforms/chibios/suspend.o
LOAD .build/obj_copy_paste_board_v1/platforms/chibios/timer.o
LOAD .build/obj_copy_paste_board_v1/platforms/chibios/bootloaders/rp2040.o
LOAD .build/obj_copy_paste_board_v1/i2c_master.a
LOAD .build/obj_copy_paste_board_v1/./lib/chibios/os/common/startup/ARMCMx/compilers/GCC/crt0_v6m.o
LOAD .build/obj_copy_paste_board_v1/./lib/chibios/os/common/startup/ARMCMx/compilers/GCC/vectors.o
LOAD .build/obj_copy_paste_board_v1/./lib/chibios/os/common/ports/ARMv6-M-RP2/compilers/GCC/chcoreasm.o
LOAD .build/obj_copy_paste_board_v1/protocol/chibios/usb_main.o
LOAD .build/obj_copy_paste_board_v1/protocol/chibios/chibios.o
LOAD .build/obj_copy_paste_board_v1/usb_descriptor.o
LOAD .build/obj_copy_paste_board_v1/protocol/chibios/usb_driver.o
LOAD .build/obj_copy_paste_board_v1/protocol/chibios/usb_endpoints.o
LOAD .build/obj_copy_paste_board_v1/protocol/chibios/usb_report_handling.o
LOAD .build/obj_copy_paste_board_v1/protocol/chibios/usb_util.o
LOAD .build/obj_copy_paste_board_v1/lib/chibios/os/common/startup/ARMCMx/compilers/GCC/crt1.o
LOAD .build/obj_copy_paste_board_v1/lib/chibios/os/rt/src/chsys.o
LOAD .build/obj_copy_paste_board_v1/lib/chibios/os/rt/src/chrfcu.o
LOAD .build/obj_copy_paste_board_v1/lib/chibios/os/rt/src/chdebug.o
LOAD .build/obj_copy_paste_board_v1/lib/chibios/os/rt/src/chtrace.o
LOAD .build/obj_copy_paste_board_v1/lib/chibios/os/rt/src/chvt.o
LOAD .build/obj_copy_paste_board_v1/lib/chibios/os/rt/src/chschd.o
LOAD .build/obj_copy_paste_board_v1/lib/chibios/os/rt/src/chinstances.o
LOAD .build/obj_copy_paste_board_v1/lib/chibios/os/rt/src/chthreads.o
LOAD .build/obj_copy_paste_board_v1/lib/chibios/os/rt/src/chtm.o
LOAD .build/obj_copy_paste_board_v1/lib/chibios/os/rt/src/chstats.o
LOAD .build/obj_copy_paste_board_v1/lib/chibios/os/rt/src/chregistry.o
LOAD .build/obj_copy_paste_board_v1/lib/chibios/os/rt/src/chsem.o
LOAD .build/obj_copy_paste_board_v1/lib/chibios/os/rt/src/chmtx.o
LOAD .build/obj_copy_paste_board_v1/lib/chibios/os/rt/src/chcond.o
LOAD .build/obj_copy_paste_board_v1/lib/chibios/os/rt/src/chevents.o
LOAD .build/obj_copy_paste_board_v1/lib/chibios/os/rt/src/chmsg.o
LOAD .build/obj_copy_paste_board_v1/lib/chibios/os/rt/src/chdynamic.o
LOAD .build/obj_copy_paste_board_v1/lib/chibios/os/common/ports/ARMv6-M-RP2/chcore.o
LOAD .build/obj_copy_paste_board_v1/lib/chibios/os/hal/osal/rt-nil/osal.o
LOAD .build/obj_copy_paste_board_v1/lib/chibios/os/oslib/src/chmboxes.o
LOAD .build/obj_copy_paste_board_v1/lib/chibios/os/oslib/src/chmemcore.o
LOAD .build/obj_copy_paste_board_v1/lib/chibios/os/oslib/src/chmemheaps.o
LOAD .build/obj_copy_paste_board_v1/lib/chibios/os/oslib/src/chmempools.o
LOAD .build/obj_copy_paste_board_v1/lib/chibios/os/oslib/src/chpipes.o
LOAD .build/obj_copy_paste_board_v1/lib/chibios/os/oslib/src/chobjcaches.o
LOAD .build/obj_copy_paste_board_v1/lib/chibios/os/oslib/src/chdelegates.o
LOAD .build/obj_copy_paste_board_v1/lib/chibios/os/oslib/src/chfactory.o
LOAD .build/obj_copy_paste_board_v1/lib/chibios/os/hal/src/hal.o
LOAD .build/obj_copy_paste_board_v1/lib/chibios/os/hal/src/hal_safety.o
LOAD .build/obj_copy_paste_board_v1/lib/chibios/os/hal/src/hal_st.o
LOAD .build/obj_copy_paste_board_v1/lib/chibios/os/hal/src/hal_buffers.o
LOAD .build/obj_copy_paste_board_v1/lib/chibios/os/hal/src/hal_queues.o
LOAD .build/obj_copy_paste_board_v1/lib/chibios/os/hal/src/hal_mmcsd.o
LOAD .build/obj_copy_paste_board_v1/lib/chibios/os/hal/src/hal_adc.o
LOAD .build/obj_copy_paste_board_v1/lib/chibios/os/hal/src/hal_can.o
LOAD .build/obj_copy_paste_board_v1/lib/chibios/os/hal/src/hal_crypto.o
LOAD .build/obj_copy_paste_board_v1/lib/chibios/os/hal/src/hal_dac.o
LOAD .build/obj_copy_paste_board_v1/lib/chibios/os/hal/src/hal_efl.o
LOAD .build/obj_copy_paste_board_v1/lib/chibios/os/hal/src/hal_gpt.o
LOAD .build/obj_copy_paste_board_v1/lib/chibios/os/hal/src/hal_i2c.o
LOAD .build/obj_copy_paste_board_v1/lib/chibios/os/hal/src/hal_i2s.o
LOAD .build/obj_copy_paste_board_v1/lib/chibios/os/hal/src/hal_icu.o
LOAD .build/obj_copy_paste_board_v1/lib/chibios/os/hal/src/hal_mac.o
LOAD .build/obj_copy_paste_board_v1/lib/chibios/os/hal/src/hal_mmc_spi.o
LOAD .build/obj_copy_paste_board_v1/lib/chibios/os/hal/src/hal_pal.o
LOAD .build/obj_copy_paste_board_v1/lib/chibios/os/hal/src/hal_pwm.o
LOAD .build/obj_copy_paste_board_v1/lib/chibios/os/hal/src/hal_rtc.o
LOAD .build/obj_copy_paste_board_v1/lib/chibios/os/hal/src/hal_sdc.o
LOAD .build/obj_copy_paste_board_v1/lib/chibios/os/hal/src/hal_serial.o
LOAD .build/obj_copy_paste_board_v1/lib/chibios/os/hal/src/hal_serial_usb.o
LOAD .build/obj_copy_paste_board_v1/lib/chibios/os/hal/src/hal_sio.o
LOAD .build/obj_copy_paste_board_v1/lib/chibios/os/hal/src/hal_spi.o
LOAD .build/obj_copy_paste_board_v1/lib/chibios/os/hal/src/hal_trng.o
LOAD .build/obj_copy_paste_board_v1/lib/chibios/os/hal/src/hal_uart.o
LOAD .build/obj_copy_paste_board_v1/lib/chibios/os/hal/src/hal_usb.o
LOAD .build/obj_copy_paste_board_v1/lib/chibios/os/hal/src/hal_wdg.o
LOAD .build/obj_copy_paste_board_v1/lib/chibios/os/hal/src/hal_wspi.o
LOAD .build/obj_copy_paste_board_v1/lib/chibios/os/hal/src/hal_flash.o
LOAD .build/obj_copy_paste_board_v1/lib/chibios/os/hal/ports/common/ARMCMx/nvic.o
LOAD .build/obj_copy_paste_board_v1/lib/chibios/os/hal/ports/RP/RP2040/rp_isr.o
LOAD .build/obj_copy_paste_board_v1/lib/chibios/os/hal/ports/RP/RP2040/hal_lld.o
LOAD .build/obj_copy_paste_board_v1/lib/chibios/os/hal/ports/RP/LLD/DMAv1/rp_dma.o
LOAD .build/obj_copy_paste_board_v1/lib/chibios/os/hal/ports/RP/LLD/GPIOv1/hal_pal_lld.o
LOAD .build/obj_copy_paste_board_v1/lib/chibios/os/hal/ports/RP/LLD/SPIv1/hal_spi_lld.o
LOAD .build/obj_copy_paste_board_v1/lib/chibios/os/hal/ports/RP/LLD/TIMERv1/hal_st_lld.o
LOAD .build/obj_copy_paste_board_v1/lib/chibios/os/hal/ports/RP/LLD/UARTv1/hal_sio_lld.o
LOAD .build/obj_copy_paste_board_v1/lib/chibios/os/hal/ports/RP/LLD/RTCv1/hal_rtc_lld.o
LOAD .build/obj_copy_paste_board_v1/lib/chibios/os/hal/ports/RP/LLD/WDGv1/hal_wdg_lld.o
LOAD .build/obj_copy_paste_board_v1/lib/chibios-contrib/os/hal/ports/RP/LLD/I2Cv1/hal_i2c_lld.o
LOAD .build/obj_copy_paste_board_v1/lib/chibios-contrib/os/hal/ports/RP/LLD/PWMv1/hal_pwm_lld.o
LOAD .build/obj_copy_paste_board_v1/lib/chibios-contrib/os/hal/ports/RP/LLD/ADCv1/hal_adc_lld.o
LOAD .build/obj_copy_paste_board_v1/lib/chibios-contrib/os/hal/ports/RP/LLD/USBDv1/hal_usb_lld.o
LOAD .build/obj_copy_paste_board_v1/lib/chibios/os/hal/boards/RP_PICO_RP2040/board.o
LOAD .build/obj_copy_paste_board_v1/lib/chibios/os/hal/lib/streams/chprintf.o
LOAD .build/obj_copy_paste_board_v1/lib/chibios/os/hal/lib/streams/chscanf.o
LOAD .build/obj_copy_paste_board_v1/lib/chibios/os/hal/lib/streams/memstreams.o
LOAD .build/obj_copy_paste_board_v1/lib/chibios/os/hal/lib/streams/nullstreams.o
LOAD .build/obj_copy_paste_board_v1/lib/chibios/os/hal/lib/streams/bufstreams.o
LOAD .build/obj_copy_paste_board_v1/lib/chibios/os/various/newlib_bindings/syscalls.o
LOAD .build/obj_copy_paste_board_v1/platforms/chibios/syscall-fallbacks.o
LOAD .build/obj_copy_paste_board_v1/platforms/chibios/wait.o
LOAD .build/obj_copy_paste_board_v1/platforms/chibios/synchronization_util.o
LOAD .build/obj_copy_paste_board_v1/platforms/chibios/interrupt_handlers.o
LOAD .build/obj_copy_paste_board_v1/./lib/pico-sdk/src/rp2_common/hardware_clocks/clocks.o
LOAD .build/obj_copy_paste_board_v1/./lib/pico-sdk/src/rp2_common/hardware_pll/pll.o
LOAD .build/obj_copy_paste_board_v1/./lib/pico-sdk/src/rp2_common/hardware_pio/pio.o
LOAD .build/obj_copy_paste_board_v1/./lib/pico-sdk/src/rp2_common/hardware_timer/timer.o
LOAD .build/obj_copy_paste_board_v1/./lib/pico-sdk/src/rp2_common/hardware_flash/flash.o
LOAD .build/obj_copy_paste_board_v1/./lib/pico-sdk/src/rp2_common/hardware_gpio/gpio.o
LOAD .build/obj_copy_paste_board_v1/./lib/pico-sdk/src/rp2_common/hardware_claim/claim.o
LOAD .build/obj_copy_paste_board_v1/./lib/pico-sdk/src/rp2_common/hardware_watchdog/watchdog.o
LOAD .build/obj_copy_paste_board_v1/./lib/pico-sdk/src/rp2_common/hardware_xosc/xosc.o
LOAD .build/obj_copy_paste_board_v1/./lib/pico-sdk/src/rp2_common/pico_bootrom/bootrom.o
LOAD .build/obj_copy_paste_board_v1/platforms/chibios/vendors/RP/stage2_bootloaders.o
LOAD .build/obj_copy_paste_board_v1/platforms/chibios/vendors/RP/pico_sdk_shims.o
LOAD .build/obj_copy_paste_board_v1/./lib/pico-sdk/src/rp2_common/pico_divider/divider.o
LOAD .build/obj_copy_paste_board_v1/./lib/pico-sdk/src/rp2_common/pico_int64_ops/pico_int64_ops_aeabi.o
                0x00000800                        __process_stack_size__ = 0x800
                0x00000400                        __main_stack_size__ = 0x400
LOAD C:/QMK_MSYS/opt/qmk/bin/../lib/gcc/arm-none-eabi/15.2.0/../../../../arm-none-eabi/lib/thumb/v6-m/nofp\libm_nano.a
START GROUP
LOAD C:/QMK_MSYS/opt/qmk/bin/../lib/gcc/arm-none-eabi/15.2.0/thumb/v6-m/nofp\libgcc.a
LOAD C:/QMK_MSYS/opt/qmk/bin/../lib/gcc/arm-none-eabi/15.2.0/../../../../arm-none-eabi/lib/thumb/v6-m/nofp\libc_nano.a
END GROUP
START GROUP
LOAD C:/QMK_MSYS/opt/qmk/bin/../lib/gcc/arm-none-eabi/15.2.0/thumb/v6-m/nofp\libgcc.a
LOAD C:/QMK_MSYS/opt/qmk/bin/../lib/gcc/arm-none-eabi/15.2.0/../../../../arm-none-eabi/lib/thumb/v6-m/nofp\libc_nano.a
END GROUP

.flash_begin    0x10000000        0x0
                0x10000000                        __flash_binary_start = .

.boot2          0x10000000      0x100
                0x10000000                        __boot2_start__ = .
 *(.boot2)
 .boot2         0x10000000      0x100 .build/obj_copy_paste_board_v1/platforms/chibios/vendors/RP/stage2_bootloaders.o
                0x10000000                BOOT2_ROM
                0x10000100                        __boot2_end__ = .

.mstack         0x20040000      0x400
                0x20040000                        . = ALIGN (0x8)
                0x20040000                        __main_stack_base__ = .
                0x20040400                        . = (. + __main_stack_size__)
 *fill*         0x20040000      0x400 
                0x20040400                        . = ALIGN (0x8)
                0x20040400                        __main_stack_end__ = .

.pstack         0x20040400      0x800
                0x20040400                        . = ALIGN (0x8)
                0x20040400                        __process_stack_base__ = .
                0x20040400                        __main_thread_stack_base__ = .
                0x20040c00                        . = (. + __process_stack_size__)
 *fill*         0x20040400      0x800 
                0x20040c00                        . = ALIGN (0x8)
                0x20040c00                        __process_stack_end__ = .
                0x20040c00                        __main_thread_stack_end__ = .
                0x00000400                        __c1_main_stack_size__ = __main_stack_size__
                0x00000800                        __c1_process_stack_size__ = __process_stack_size__

.c1_mstack      0x20041000      0x400
                0x20041000                        . = ALIGN (0x8)
                0x20041000                        __c1_main_stack_base__ = .
                0x20041400                        . = (. + __c1_main_stack_size__)
 *fill*         0x20041000      0x400 
                0x20041400                        . = ALIGN (0x8)
                0x20041400                        __c1_main_stack_end__ = .

.c1_pstack      0x20041400      0x800
                0x20041400                        . = ALIGN (0x8)
                0x20041400                        __c1_process_stack_base__ = .
                0x20041400                        __c1_main_thread_stack_base__ = .
                0x20041c00                        . = (. + __c1_process_stack_size__)
 *fill*         0x20041400      0x800 
                0x20041c00                        . = ALIGN (0x8)
                0x20041c00                        __c1_process_stack_end__ = .
                0x20041c00                        __c1_main_thread_stack_end__ = .

.vectors        0x10000100       0xc0
                0x10000100                        __textvectors_base__ = LOADADDR (.vectors)
                0x10000100                        __vectors_base__ = .
 *(.vectors)
 .vectors       0x10000100       0xc0 .build/obj_copy_paste_board_v1/./lib/chibios/os/common/startup/ARMCMx/compilers/GCC/vectors.o
                0x10000100                _vectors
                0x100001c0                        __vectors_end__ = .

.xtors          0x100001c0        0x0
                0x100001c0                        __init_array_base__ = .
 *(SORT_BY_NAME(.init_array.*))
 *(.init_array)
                0x100001c0                        __init_array_end__ = .
                0x100001c0                        __fini_array_base__ = .
 *(.fini_array)
 *(SORT_BY_NAME(.fini_array.*))
                0x100001c0                        __fini_array_end__ = .

.text           0x100001c0     0x70c0
                0x100001c0                        __text_base__ = .
 *(.text)
 .text          0x100001c0      0x104 .build/obj_copy_paste_board_v1/./lib/chibios/os/common/startup/ARMCMx/compilers/GCC/crt0_v6m.o
                0x100001c0                _crt0_entry
 .text          0x100002c4        0x8 .build/obj_copy_paste_board_v1/./lib/chibios/os/common/startup/ARMCMx/compilers/GCC/vectors.o
                0x100002c4                Reset_Handler
                0x100002c6                Vector9C
                0x100002c6                VectorAC
                0x100002c6                DebugMon_Handler
                0x100002c6                Vector5C
                0x100002c6                HardFault_Handler
                0x100002c6                Vector8C
                0x100002c6                SysTick_Handler
                0x100002c6                PendSV_Handler
                0x100002c6                Vector94
                0x100002c6                VectorA8
                0x100002c6                VectorB4
                0x100002c6                Vector74
                0x100002c6                UsageFault_Handler
                0x100002c6                VectorBC
                0x100002c6                Vector64
                0x100002c6                Vector58
                0x100002c6                Vector98
                0x100002c6                Vector24
                0x100002c6                Vector84
                0x100002c6                SecureFault_Handler
                0x100002c6                MemManage_Handler
                0x100002c6                Vector6C
                0x100002c6                SVC_Handler
                0x100002c6                VectorB0
                0x100002c6                Vector90
                0x100002c6                Vector60
                0x100002c6                Vector70
                0x100002c6                Vector68
                0x100002c6                Vector78
                0x100002c6                VectorA4
                0x100002c6                Vector88
                0x100002c6                BusFault_Handler
                0x100002c6                Vector50
                0x100002c6                Vector28
                0x100002c6                VectorB8
                0x100002c6                Vector34
                0x100002c6                Vector20
                0x100002ca                _unhandled_exception
 .text          0x100002cc       0x48 .build/obj_copy_paste_board_v1/./lib/chibios/os/common/ports/ARMv6-M-RP2/compilers/GCC/chcoreasm.o
                0x100002cc                __port_switch
                0x100002ec                __port_thread_start
                0x100002fe                __port_switch_from_isr
                0x10000302                __port_exit_from_isr
 .text          0x10000314       0x14 C:/QMK_MSYS/opt/qmk/bin/../lib/gcc/arm-none-eabi/15.2.0/thumb/v6-m/nofp\libgcc.a(_thumb1_case_sqi.o)
                0x10000314                __gnu_thumb1_case_sqi
 .text          0x10000328       0x14 C:/QMK_MSYS/opt/qmk/bin/../lib/gcc/arm-none-eabi/15.2.0/thumb/v6-m/nofp\libgcc.a(_thumb1_case_uqi.o)
                0x10000328                __gnu_thumb1_case_uqi
 .text          0x1000033c       0x14 C:/QMK_MSYS/opt/qmk/bin/../lib/gcc/arm-none-eabi/15.2.0/thumb/v6-m/nofp\libgcc.a(_thumb1_case_uhi.o)
                0x1000033c                __gnu_thumb1_case_uhi
 .text          0x10000350        0x4 C:/QMK_MSYS/opt/qmk/bin/../lib/gcc/arm-none-eabi/15.2.0/thumb/v6-m/nofp\libgcc.a(_dvmd_tls.o)
                0x10000350                __aeabi_idiv0
                0x10000350                __aeabi_ldiv0
 .text          0x10000354        0xe C:/QMK_MSYS/opt/qmk/bin/../lib/gcc/arm-none-eabi/15.2.0/../../../../arm-none-eabi/lib/thumb/v6-m/nofp\libc_nano.a(libc_a-strlen.o)
                0x10000354                strlen
 *(.text.*)
 .text.create_hid
                0x10000362       0x20 .build/obj_copy_paste_board_v1/quantum/keymap_introspection.o
                0x10000362                create_hid
 *fill*         0x10000382        0x2 
 .text.update_oled
                0x10000384       0x3c .build/obj_copy_paste_board_v1/quantum/keymap_introspection.o
                0x10000384                update_oled
 .text.process_record_user
                0x100003c0       0xd8 .build/obj_copy_paste_board_v1/quantum/keymap_introspection.o
                0x100003c0                process_record_user
 .text.keycode_at_keymap_location_raw
                0x10000498       0x24 .build/obj_copy_paste_board_v1/quantum/keymap_introspection.o
                0x10000498                keycode_at_keymap_location_raw
 .text.keycode_at_keymap_location
                0x100004bc        0x8 .build/obj_copy_paste_board_v1/quantum/keymap_introspection.o
                0x100004bc                keycode_at_keymap_location
 .text.pre_process_record_modules
                0x100004c4        0x4 .build/obj_copy_paste_board_v1/quantum/quantum.o
                0x100004c4                pre_process_record_modules
 .text.pre_process_record_user
                0x100004c8        0x4 .build/obj_copy_paste_board_v1/quantum/quantum.o
                0x100004c8                pre_process_record_user
 .text.pre_process_record_kb
                0x100004cc        0x8 .build/obj_copy_paste_board_v1/quantum/quantum.o
                0x100004cc                pre_process_record_kb
 .text.process_record_modules
                0x100004d4        0x4 .build/obj_copy_paste_board_v1/quantum/quantum.o
                0x100004d4                process_record_modules
 .text.process_record_kb
                0x100004d8        0x8 .build/obj_copy_paste_board_v1/quantum/quantum.o
                0x100004d8                process_record_kb
 .text.post_process_record_modules
                0x100004e0        0x2 .build/obj_copy_paste_board_v1/quantum/quantum.o
                0x100004e0                post_process_record_modules
 .text.post_process_record_user
                0x100004e2        0x2 .build/obj_copy_paste_board_v1/quantum/quantum.o
                0x100004e2                post_process_record_user
 .text.post_process_record_kb
                0x100004e4        0x8 .build/obj_copy_paste_board_v1/quantum/quantum.o
                0x100004e4                post_process_record_kb
 .text.shutdown_modules
                0x100004ec        0x4 .build/obj_copy_paste_board_v1/quantum/quantum.o
                0x100004ec                shutdown_modules
 .text.suspend_power_down_modules
                0x100004f0        0x2 .build/obj_copy_paste_board_v1/quantum/quantum.o
                0x100004f0                suspend_power_down_modules
 .text.suspend_wakeup_init_modules
                0x100004f2        0x2 .build/obj_copy_paste_board_v1/quantum/quantum.o
                0x100004f2                suspend_wakeup_init_modules
 .text.get_event_keycode
                0x100004f4       0x4c .build/obj_copy_paste_board_v1/quantum/quantum.o
                0x100004f4                get_event_keycode
 .text.get_record_keycode
                0x10000540       0x16 .build/obj_copy_paste_board_v1/quantum/quantum.o
                0x10000540                get_record_keycode
 .text.pre_process_record_quantum
                0x10000556       0x24 .build/obj_copy_paste_board_v1/quantum/quantum.o
                0x10000556                pre_process_record_quantum
 .text.post_process_record_quantum
                0x1000057a       0x1c .build/obj_copy_paste_board_v1/quantum/quantum.o
                0x1000057a                post_process_record_quantum
 .text.process_record_quantum
                0x10000596       0x6c .build/obj_copy_paste_board_v1/quantum/quantum.o
                0x10000596                process_record_quantum
 .text.set_single_default_layer
                0x10000602        0xe .build/obj_copy_paste_board_v1/quantum/quantum.o
                0x10000602                set_single_default_layer
 .text.set_single_persistent_default_layer
                0x10000610       0x16 .build/obj_copy_paste_board_v1/quantum/quantum.o
                0x10000610                set_single_persistent_default_layer
 .text.shutdown_user
                0x10000626        0x4 .build/obj_copy_paste_board_v1/quantum/quantum.o
                0x10000626                shutdown_user
 .text.shutdown_kb
                0x1000062a        0x8 .build/obj_copy_paste_board_v1/quantum/quantum.o
                0x1000062a                shutdown_kb
 .text.shutdown_quantum
                0x10000632       0x16 .build/obj_copy_paste_board_v1/quantum/quantum.o
                0x10000632                shutdown_quantum
 .text.reset_keyboard
                0x10000648        0xe .build/obj_copy_paste_board_v1/quantum/quantum.o
                0x10000648                reset_keyboard
 .text.soft_reset_keyboard
                0x10000656        0xe .build/obj_copy_paste_board_v1/quantum/quantum.o
                0x10000656                soft_reset_keyboard
 .text.suspend_power_down_quantum
                0x10000664       0x14 .build/obj_copy_paste_board_v1/quantum/quantum.o
                0x10000664                suspend_power_down_quantum
 .text.suspend_wakeup_init_quantum
                0x10000678       0x10 .build/obj_copy_paste_board_v1/quantum/quantum.o
                0x10000678                suspend_wakeup_init_quantum
 .text.led_update_user
                0x10000688        0x4 .build/obj_copy_paste_board_v1/quantum/led.o
                0x10000688                led_update_user
 .text.led_update_ports
                0x1000068c        0x2 .build/obj_copy_paste_board_v1/quantum/led.o
                0x1000068c                led_update_ports
 .text.led_update_kb
                0x1000068e       0x16 .build/obj_copy_paste_board_v1/quantum/led.o
                0x1000068e                led_update_kb
 .text.led_init_ports
                0x100006a4        0x2 .build/obj_copy_paste_board_v1/quantum/led.o
                0x100006a4                led_init_ports
 .text.led_set  0x100006a6        0x8 .build/obj_copy_paste_board_v1/quantum/led.o
                0x100006a6                led_set
 .text.led_suspend
                0x100006ae        0xa .build/obj_copy_paste_board_v1/quantum/led.o
                0x100006ae                led_suspend
 .text.led_wakeup
                0x100006b8        0xc .build/obj_copy_paste_board_v1/quantum/led.o
                0x100006b8                led_wakeup
 .text.led_task
                0x100006c4       0x2c .build/obj_copy_paste_board_v1/quantum/led.o
                0x100006c4                led_task
 .text.action_exec
                0x100006f0       0x44 .build/obj_copy_paste_board_v1/quantum/action.o
                0x100006f0                action_exec
 .text.process_record_tap_hint
                0x10000734       0x10 .build/obj_copy_paste_board_v1/quantum/action.o
                0x10000734                process_record_tap_hint
 .text.register_mouse
                0x10000744       0x16 .build/obj_copy_paste_board_v1/quantum/action.o
                0x10000744                register_mouse
 *fill*         0x1000075a        0x2 
 .text.register_code
                0x1000075c       0x88 .build/obj_copy_paste_board_v1/quantum/action.o
                0x1000075c                register_code
 .text.unregister_code
                0x100007e4       0x6a .build/obj_copy_paste_board_v1/quantum/action.o
                0x100007e4                unregister_code
 *fill*         0x1000084e        0x2 
 .text.tap_code_delay
                0x10000850       0x44 .build/obj_copy_paste_board_v1/quantum/action.o
                0x10000850                tap_code_delay
 .text.tap_code
                0x10000894       0x10 .build/obj_copy_paste_board_v1/quantum/action.o
                0x10000894                tap_code
 .text.register_mods
                0x100008a4       0x10 .build/obj_copy_paste_board_v1/quantum/action.o
                0x100008a4                register_mods
 .text.unregister_mods
                0x100008b4       0x10 .build/obj_copy_paste_board_v1/quantum/action.o
                0x100008b4                unregister_mods
 .text.process_action
                0x100008c4      0x3b8 .build/obj_copy_paste_board_v1/quantum/action.o
                0x100008c4                process_action
 .text.process_record_handler
                0x10000c7c       0x20 .build/obj_copy_paste_board_v1/quantum/action.o
                0x10000c7c                process_record_handler
 .text.process_record
                0x10000c9c       0x44 .build/obj_copy_paste_board_v1/quantum/action.o
                0x10000c9c                process_record
 .text.clear_keyboard_but_mods_and_keys
                0x10000ce0       0x20 .build/obj_copy_paste_board_v1/quantum/action.o
                0x10000ce0                clear_keyboard_but_mods_and_keys
 .text.clear_keyboard_but_mods
                0x10000d00        0xc .build/obj_copy_paste_board_v1/quantum/action.o
                0x10000d00                clear_keyboard_but_mods
 .text.clear_keyboard
                0x10000d0c        0xc .build/obj_copy_paste_board_v1/quantum/action.o
                0x10000d0c                clear_keyboard
 .text.is_tap_action
                0x10000d18       0x4e .build/obj_copy_paste_board_v1/quantum/action.o
                0x10000d18                is_tap_action
 .text.is_tap_record
                0x10000d66       0x18 .build/obj_copy_paste_board_v1/quantum/action.o
                0x10000d66                is_tap_record
 .text.debug_event
                0x10000d7e        0x6 .build/obj_copy_paste_board_v1/quantum/action.o
                0x10000d7e                debug_event
 .text.debug_record
                0x10000d84        0x6 .build/obj_copy_paste_board_v1/quantum/action.o
                0x10000d84                debug_record
 .text.default_layer_state_set_user
                0x10000d8a        0x2 .build/obj_copy_paste_board_v1/quantum/action_layer.o
                0x10000d8a                default_layer_state_set_user
 .text.default_layer_state_set_kb
                0x10000d8c        0x8 .build/obj_copy_paste_board_v1/quantum/action_layer.o
                0x10000d8c                default_layer_state_set_kb
 .text.default_layer_state_set_modules
                0x10000d94        0x2 .build/obj_copy_paste_board_v1/quantum/action_layer.o
                0x10000d94                default_layer_state_set_modules
 *fill*         0x10000d96        0x2 
 .text.default_layer_state_set
                0x10000d98       0x14 .build/obj_copy_paste_board_v1/quantum/action_layer.o
 .text.default_layer_debug
                0x10000dac        0x2 .build/obj_copy_paste_board_v1/quantum/action_layer.o
                0x10000dac                default_layer_debug
 .text.default_layer_set
                0x10000dae        0x8 .build/obj_copy_paste_board_v1/quantum/action_layer.o
                0x10000dae                default_layer_set
 *fill*         0x10000db6        0x2 
 .text.default_layer_or
                0x10000db8       0x14 .build/obj_copy_paste_board_v1/quantum/action_layer.o
                0x10000db8                default_layer_or
 .text.default_layer_and
                0x10000dcc       0x14 .build/obj_copy_paste_board_v1/quantum/action_layer.o
                0x10000dcc                default_layer_and
 .text.default_layer_xor
                0x10000de0       0x14 .build/obj_copy_paste_board_v1/quantum/action_layer.o
                0x10000de0                default_layer_xor
 .text.layer_state_set_user
                0x10000df4        0x2 .build/obj_copy_paste_board_v1/quantum/action_layer.o
                0x10000df4                layer_state_set_user
 .text.layer_state_set_kb
                0x10000df6        0x8 .build/obj_copy_paste_board_v1/quantum/action_layer.o
                0x10000df6                layer_state_set_kb
 .text.layer_state_set_modules
                0x10000dfe        0x2 .build/obj_copy_paste_board_v1/quantum/action_layer.o
                0x10000dfe                layer_state_set_modules
 .text.layer_state_set
                0x10000e00       0x14 .build/obj_copy_paste_board_v1/quantum/action_layer.o
                0x10000e00                layer_state_set
 .text.layer_clear
                0x10000e14        0xa .build/obj_copy_paste_board_v1/quantum/action_layer.o
                0x10000e14                layer_clear
 .text.layer_move
                0x10000e1e        0xe .build/obj_copy_paste_board_v1/quantum/action_layer.o
                0x10000e1e                layer_move
 .text.layer_on
                0x10000e2c       0x18 .build/obj_copy_paste_board_v1/quantum/action_layer.o
                0x10000e2c                layer_on
 .text.layer_off
                0x10000e44       0x18 .build/obj_copy_paste_board_v1/quantum/action_layer.o
                0x10000e44                layer_off
 .text.layer_invert
                0x10000e5c       0x18 .build/obj_copy_paste_board_v1/quantum/action_layer.o
                0x10000e5c                layer_invert
 .text.layer_or
                0x10000e74       0x14 .build/obj_copy_paste_board_v1/quantum/action_layer.o
                0x10000e74                layer_or
 .text.layer_and
                0x10000e88       0x14 .build/obj_copy_paste_board_v1/quantum/action_layer.o
                0x10000e88                layer_and
 .text.layer_xor
                0x10000e9c       0x14 .build/obj_copy_paste_board_v1/quantum/action_layer.o
                0x10000e9c                layer_xor
 .text.layer_debug
                0x10000eb0        0x2 .build/obj_copy_paste_board_v1/quantum/action_layer.o
                0x10000eb0                layer_debug
 .text.update_source_layers_cache_impl
                0x10000eb2       0x2e .build/obj_copy_paste_board_v1/quantum/action_layer.o
                0x10000eb2                update_source_layers_cache_impl
 .text.read_source_layers_cache_impl
                0x10000ee0       0x26 .build/obj_copy_paste_board_v1/quantum/action_layer.o
                0x10000ee0                read_source_layers_cache_impl
 *fill*         0x10000f06        0x2 
 .text.update_source_layers_cache
                0x10000f08       0x2c .build/obj_copy_paste_board_v1/quantum/action_layer.o
                0x10000f08                update_source_layers_cache
 .text.read_source_layers_cache
                0x10000f34       0x2c .build/obj_copy_paste_board_v1/quantum/action_layer.o
                0x10000f34                read_source_layers_cache
 .text.layer_switch_get_layer
                0x10000f60       0x44 .build/obj_copy_paste_board_v1/quantum/action_layer.o
                0x10000f60                layer_switch_get_layer
 .text.layer_switch_get_action
                0x10000fa4       0x14 .build/obj_copy_paste_board_v1/quantum/action_layer.o
                0x10000fa4                layer_switch_get_action
 .text.store_or_get_action
                0x10000fb8       0x44 .build/obj_copy_paste_board_v1/quantum/action_layer.o
                0x10000fb8                store_or_get_action
 .text.debug_waiting_buffer
                0x10000ffc       0x40 .build/obj_copy_paste_board_v1/quantum/action_tapping.o
 .text.debug_tapping_key
                0x1000103c       0x20 .build/obj_copy_paste_board_v1/quantum/action_tapping.o
 .text.waiting_buffer_scan_tap
                0x1000105c       0x88 .build/obj_copy_paste_board_v1/quantum/action_tapping.o
 .text.waiting_buffer_typed.isra.0
                0x100010e4       0x48 .build/obj_copy_paste_board_v1/quantum/action_tapping.o
 .text.process_tapping
                0x1000112c      0x280 .build/obj_copy_paste_board_v1/quantum/action_tapping.o
 .text.action_tapping_process
                0x100013ac       0xb8 .build/obj_copy_paste_board_v1/quantum/action_tapping.o
                0x100013ac                action_tapping_process
 .text.get_oneshot_layer
                0x10001464        0xc .build/obj_copy_paste_board_v1/quantum/action_util.o
                0x10001464                get_oneshot_layer
 .text.get_oneshot_layer_state
                0x10001470       0x10 .build/obj_copy_paste_board_v1/quantum/action_util.o
                0x10001470                get_oneshot_layer_state
 .text.is_oneshot_layer_active
                0x10001480       0x14 .build/obj_copy_paste_board_v1/quantum/action_util.o
                0x10001480                is_oneshot_layer_active
 .text.get_mods
                0x10001494        0xc .build/obj_copy_paste_board_v1/quantum/action_util.o
                0x10001494                get_mods
 .text.add_mods
                0x100014a0       0x10 .build/obj_copy_paste_board_v1/quantum/action_util.o
                0x100014a0                add_mods
 .text.del_mods
                0x100014b0       0x10 .build/obj_copy_paste_board_v1/quantum/action_util.o
                0x100014b0                del_mods
 .text.clear_mods
                0x100014c0        0xc .build/obj_copy_paste_board_v1/quantum/action_util.o
                0x100014c0                clear_mods
 .text.add_weak_mods
                0x100014cc       0x10 .build/obj_copy_paste_board_v1/quantum/action_util.o
                0x100014cc                add_weak_mods
 .text.del_weak_mods
                0x100014dc       0x10 .build/obj_copy_paste_board_v1/quantum/action_util.o
                0x100014dc                del_weak_mods
 .text.clear_weak_mods
                0x100014ec        0xc .build/obj_copy_paste_board_v1/quantum/action_util.o
                0x100014ec                clear_weak_mods
 .text.oneshot_locked_mods_changed_user
                0x100014f8        0x2 .build/obj_copy_paste_board_v1/quantum/action_util.o
                0x100014f8                oneshot_locked_mods_changed_user
 .text.oneshot_locked_mods_changed_kb
                0x100014fa        0x8 .build/obj_copy_paste_board_v1/quantum/action_util.o
                0x100014fa                oneshot_locked_mods_changed_kb
 *fill*         0x10001502        0x2 
 .text.del_oneshot_locked_mods
                0x10001504       0x1c .build/obj_copy_paste_board_v1/quantum/action_util.o
                0x10001504                del_oneshot_locked_mods
 .text.oneshot_mods_changed_user
                0x10001520        0x2 .build/obj_copy_paste_board_v1/quantum/action_util.o
                0x10001520                oneshot_mods_changed_user
 .text.oneshot_mods_changed_kb
                0x10001522        0x8 .build/obj_copy_paste_board_v1/quantum/action_util.o
                0x10001522                oneshot_mods_changed_kb
 *fill*         0x1000152a        0x2 
 .text.add_oneshot_mods
                0x1000152c       0x1c .build/obj_copy_paste_board_v1/quantum/action_util.o
                0x1000152c                add_oneshot_mods
 .text.del_oneshot_mods
                0x10001548       0x1c .build/obj_copy_paste_board_v1/quantum/action_util.o
                0x10001548                del_oneshot_mods
 .text.clear_oneshot_mods
                0x10001564       0x18 .build/obj_copy_paste_board_v1/quantum/action_util.o
                0x10001564                clear_oneshot_mods
 .text.get_mods_for_report
                0x1000157c       0x34 .build/obj_copy_paste_board_v1/quantum/action_util.o
 .text.send_6kro_report
                0x100015b0       0x38 .build/obj_copy_paste_board_v1/quantum/action_util.o
                0x100015b0                send_6kro_report
 .text.send_nkro_report
                0x100015e8       0x38 .build/obj_copy_paste_board_v1/quantum/action_util.o
                0x100015e8                send_nkro_report
 .text.send_keyboard_report
                0x10001620       0x24 .build/obj_copy_paste_board_v1/quantum/action_util.o
                0x10001620                send_keyboard_report
 .text.oneshot_layer_changed_user
                0x10001644        0x2 .build/obj_copy_paste_board_v1/quantum/action_util.o
                0x10001644                oneshot_layer_changed_user
 .text.oneshot_layer_changed_kb
                0x10001646        0x8 .build/obj_copy_paste_board_v1/quantum/action_util.o
                0x10001646                oneshot_layer_changed_kb
 *fill*         0x1000164e        0x2 
 .text.set_oneshot_layer
                0x10001650       0x30 .build/obj_copy_paste_board_v1/quantum/action_util.o
                0x10001650                set_oneshot_layer
 .text.reset_oneshot_layer
                0x10001680       0x14 .build/obj_copy_paste_board_v1/quantum/action_util.o
                0x10001680                reset_oneshot_layer
 .text.clear_oneshot_layer_state
                0x10001694       0x30 .build/obj_copy_paste_board_v1/quantum/action_util.o
                0x10001694                clear_oneshot_layer_state
 .text.oneshot_set
                0x100016c4       0x30 .build/obj_copy_paste_board_v1/quantum/action_util.o
                0x100016c4                oneshot_set
 .text.oneshot_toggle
                0x100016f4       0x18 .build/obj_copy_paste_board_v1/quantum/action_util.o
                0x100016f4                oneshot_toggle
 .text.oneshot_enable
                0x1000170c        0xa .build/obj_copy_paste_board_v1/quantum/action_util.o
                0x1000170c                oneshot_enable
 .text.oneshot_disable
                0x10001716        0xa .build/obj_copy_paste_board_v1/quantum/action_util.o
                0x10001716                oneshot_disable
 .text.eeconfig_init_user
                0x10001720        0xa .build/obj_copy_paste_board_v1/quantum/eeconfig.o
                0x10001720                eeconfig_init_user
 .text.eeconfig_init_kb
                0x1000172a        0xe .build/obj_copy_paste_board_v1/quantum/eeconfig.o
                0x1000172a                eeconfig_init_kb
 .text.eeconfig_init_quantum
                0x10001738       0x38 .build/obj_copy_paste_board_v1/quantum/eeconfig.o
                0x10001738                eeconfig_init_quantum
 .text.eeconfig_init
                0x10001770        0x8 .build/obj_copy_paste_board_v1/quantum/eeconfig.o
                0x10001770                eeconfig_init
 .text.eeconfig_disable
                0x10001778        0x8 .build/obj_copy_paste_board_v1/quantum/eeconfig.o
                0x10001778                eeconfig_disable
 .text.eeconfig_is_enabled
                0x10001780        0x8 .build/obj_copy_paste_board_v1/quantum/eeconfig.o
                0x10001780                eeconfig_is_enabled
 .text.eeconfig_read_debug
                0x10001788        0x8 .build/obj_copy_paste_board_v1/quantum/eeconfig.o
                0x10001788                eeconfig_read_debug
 .text.eeconfig_read_default_layer
                0x10001790        0x8 .build/obj_copy_paste_board_v1/quantum/eeconfig.o
                0x10001790                eeconfig_read_default_layer
 .text.eeconfig_update_default_layer
                0x10001798        0x8 .build/obj_copy_paste_board_v1/quantum/eeconfig.o
                0x10001798                eeconfig_update_default_layer
 .text.eeconfig_read_keymap
                0x100017a0        0x8 .build/obj_copy_paste_board_v1/quantum/eeconfig.o
                0x100017a0                eeconfig_read_keymap
 .text.eeconfig_update_keymap
                0x100017a8        0x8 .build/obj_copy_paste_board_v1/quantum/eeconfig.o
                0x100017a8                eeconfig_update_keymap
 .text.eeconfig_update_handedness
                0x100017b0        0x8 .build/obj_copy_paste_board_v1/quantum/eeconfig.o
                0x100017b0                eeconfig_update_handedness
 .text.generate_tick_event
                0x100017b8       0x30 .build/obj_copy_paste_board_v1/quantum/keyboard.o
 .text.last_matrix_activity_trigger
                0x100017e8       0x18 .build/obj_copy_paste_board_v1/quantum/keyboard.o
                0x100017e8                last_matrix_activity_trigger
 .text.matrix_setup
                0x10001800        0x2 .build/obj_copy_paste_board_v1/quantum/keyboard.o
                0x10001800                matrix_setup
 .text.keyboard_pre_init_user
                0x10001802        0x2 .build/obj_copy_paste_board_v1/quantum/keyboard.o
                0x10001802                keyboard_pre_init_user
 .text.keyboard_pre_init_kb
                0x10001804        0x8 .build/obj_copy_paste_board_v1/quantum/keyboard.o
                0x10001804                keyboard_pre_init_kb
 .text.keyboard_pre_init_modules
                0x1000180c        0x2 .build/obj_copy_paste_board_v1/quantum/keyboard.o
                0x1000180c                keyboard_pre_init_modules
 .text.keyboard_pre_init_quantum
                0x1000180e        0xc .build/obj_copy_paste_board_v1/quantum/keyboard.o
                0x1000180e                keyboard_pre_init_quantum
 .text.keyboard_post_init_user
                0x1000181a        0x2 .build/obj_copy_paste_board_v1/quantum/keyboard.o
                0x1000181a                keyboard_post_init_user
 .text.keyboard_post_init_kb
                0x1000181c        0x8 .build/obj_copy_paste_board_v1/quantum/keyboard.o
                0x1000181c                keyboard_post_init_kb
 .text.keyboard_post_init_modules
                0x10001824        0x2 .build/obj_copy_paste_board_v1/quantum/keyboard.o
                0x10001824                keyboard_post_init_modules
 .text.keyboard_post_init_quantum
                0x10001826        0xc .build/obj_copy_paste_board_v1/quantum/keyboard.o
                0x10001826                keyboard_post_init_quantum
 .text.matrix_can_read
                0x10001832        0x4 .build/obj_copy_paste_board_v1/quantum/keyboard.o
                0x10001832                matrix_can_read
 *fill*         0x10001836        0x2 
 .text.keyboard_setup
                0x10001838       0x1c .build/obj_copy_paste_board_v1/quantum/keyboard.o
                0x10001838                keyboard_setup
 .text.is_keyboard_master
                0x10001854        0x4 .build/obj_copy_paste_board_v1/quantum/keyboard.o
                0x10001854                is_keyboard_master
 .text.should_process_keypress
                0x10001858        0x8 .build/obj_copy_paste_board_v1/quantum/keyboard.o
                0x10001858                should_process_keypress
 .text.housekeeping_task_modules
                0x10001860        0x2 .build/obj_copy_paste_board_v1/quantum/keyboard.o
                0x10001860                housekeeping_task_modules
 .text.housekeeping_task_kb
                0x10001862        0x2 .build/obj_copy_paste_board_v1/quantum/keyboard.o
                0x10001862                housekeeping_task_kb
 .text.housekeeping_task_user
                0x10001864        0x2 .build/obj_copy_paste_board_v1/quantum/keyboard.o
                0x10001864                housekeeping_task_user
 .text.housekeeping_task
                0x10001866       0x10 .build/obj_copy_paste_board_v1/quantum/keyboard.o
                0x10001866                housekeeping_task
 *fill*         0x10001876        0x2 
 .text.quantum_init
                0x10001878       0x3c .build/obj_copy_paste_board_v1/quantum/keyboard.o
                0x10001878                quantum_init
 .text.keyboard_init
                0x100018b4       0x22 .build/obj_copy_paste_board_v1/quantum/keyboard.o
                0x100018b4                keyboard_init
 *fill*         0x100018d6        0x2 
 .text.keyboard_task
                0x100018d8       0xf0 .build/obj_copy_paste_board_v1/quantum/keyboard.o
                0x100018d8                keyboard_task
 .text.action_for_keycode
                0x100019c8      0x1cc .build/obj_copy_paste_board_v1/quantum/keymap_common.o
                0x100019c8                action_for_keycode
 .text.keymap_key_to_keycode
                0x10001b94       0x20 .build/obj_copy_paste_board_v1/quantum/keymap_common.o
                0x10001b94                keymap_key_to_keycode
 .text.action_for_key
                0x10001bb4       0x12 .build/obj_copy_paste_board_v1/quantum/keymap_common.o
                0x10001bb4                action_for_key
 *fill*         0x10001bc6        0x2 
 .text.keycode_config
                0x10001bc8      0x124 .build/obj_copy_paste_board_v1/quantum/keycode_config.o
                0x10001bc8                keycode_config
 .text.mod_config
                0x10001cec       0x9c .build/obj_copy_paste_board_v1/quantum/keycode_config.o
                0x10001cec                mod_config
 .text.sendchar
                0x10001d88        0x4 .build/obj_copy_paste_board_v1/quantum/logging/sendchar.o
                0x10001d88                sendchar
 .text.process_default_layer
                0x10001d8c       0x24 .build/obj_copy_paste_board_v1/quantum/process_keycode/process_default_layer.o
                0x10001d8c                process_default_layer
 .text.process_oneshot
                0x10001db0       0x44 .build/obj_copy_paste_board_v1/quantum/process_keycode/process_oneshot.o
                0x10001db0                process_oneshot
 .text.process_quantum
                0x10001df4       0x3c .build/obj_copy_paste_board_v1/quantum/process_keycode/process_quantum.o
                0x10001df4                process_quantum
 .text.nvm_eeconfig_erase
                0x10001e30        0xa .build/obj_copy_paste_board_v1/nvm_eeconfig.o
                0x10001e30                nvm_eeconfig_erase
 *fill*         0x10001e3a        0x2 
 .text.nvm_eeconfig_is_enabled
                0x10001e3c       0x18 .build/obj_copy_paste_board_v1/nvm_eeconfig.o
                0x10001e3c                nvm_eeconfig_is_enabled
 .text.nvm_eeconfig_enable
                0x10001e54       0x10 .build/obj_copy_paste_board_v1/nvm_eeconfig.o
                0x10001e54                nvm_eeconfig_enable
 .text.nvm_eeconfig_disable
                0x10001e64       0x18 .build/obj_copy_paste_board_v1/nvm_eeconfig.o
                0x10001e64                nvm_eeconfig_disable
 .text.nvm_eeconfig_read_debug
                0x10001e7c        0xe .build/obj_copy_paste_board_v1/nvm_eeconfig.o
                0x10001e7c                nvm_eeconfig_read_debug
 .text.nvm_eeconfig_update_debug
                0x10001e8a        0xc .build/obj_copy_paste_board_v1/nvm_eeconfig.o
                0x10001e8a                nvm_eeconfig_update_debug
 .text.nvm_eeconfig_read_default_layer
                0x10001e96        0xa .build/obj_copy_paste_board_v1/nvm_eeconfig.o
                0x10001e96                nvm_eeconfig_read_default_layer
 .text.nvm_eeconfig_update_default_layer
                0x10001ea0        0xc .build/obj_copy_paste_board_v1/nvm_eeconfig.o
                0x10001ea0                nvm_eeconfig_update_default_layer
 .text.nvm_eeconfig_read_keymap
                0x10001eac        0xe .build/obj_copy_paste_board_v1/nvm_eeconfig.o
                0x10001eac                nvm_eeconfig_read_keymap
 .text.nvm_eeconfig_update_keymap
                0x10001eba        0xc .build/obj_copy_paste_board_v1/nvm_eeconfig.o
                0x10001eba                nvm_eeconfig_update_keymap
 .text.nvm_eeconfig_update_kb
                0x10001ec6        0xc .build/obj_copy_paste_board_v1/nvm_eeconfig.o
                0x10001ec6                nvm_eeconfig_update_kb
 .text.nvm_eeconfig_update_user
                0x10001ed2        0xc .build/obj_copy_paste_board_v1/nvm_eeconfig.o
                0x10001ed2                nvm_eeconfig_update_user
 .text.nvm_eeconfig_update_handedness
                0x10001ede        0xc .build/obj_copy_paste_board_v1/nvm_eeconfig.o
                0x10001ede                nvm_eeconfig_update_handedness
 .text.null_sendchar_func
                0x10001eea        0x4 .build/obj_copy_paste_board_v1/quantum/logging/print.o
 *fill*         0x10001eee        0x2 
 .text.print_set_sendchar
                0x10001ef0        0xc .build/obj_copy_paste_board_v1/quantum/logging/print.o
                0x10001ef0                print_set_sendchar
 .text.matrix_init_user
                0x10001efc        0x2 .build/obj_copy_paste_board_v1/quantum/matrix_common.o
                0x10001efc                matrix_init_user
 .text.matrix_init_kb
                0x10001efe        0x8 .build/obj_copy_paste_board_v1/quantum/matrix_common.o
                0x10001efe                matrix_init_kb
 .text.matrix_scan_user
                0x10001f06        0x2 .build/obj_copy_paste_board_v1/quantum/matrix_common.o
                0x10001f06                matrix_scan_user
 .text.matrix_scan_kb
                0x10001f08        0x8 .build/obj_copy_paste_board_v1/quantum/matrix_common.o
                0x10001f08                matrix_scan_kb
 .text.matrix_get_row
                0x10001f10        0xc .build/obj_copy_paste_board_v1/quantum/matrix_common.o
                0x10001f10                matrix_get_row
 .text.matrix_print
                0x10001f1c        0x2 .build/obj_copy_paste_board_v1/quantum/matrix_common.o
                0x10001f1c                matrix_print
 .text.matrix_io_delay
                0x10001f1e        0xa .build/obj_copy_paste_board_v1/quantum/matrix_common.o
                0x10001f1e                matrix_io_delay
 .text.matrix_output_select_delay
                0x10001f28      0x184 .build/obj_copy_paste_board_v1/quantum/matrix_common.o
                0x10001f28                matrix_output_select_delay
 .text.matrix_output_unselect_delay
                0x100020ac        0x8 .build/obj_copy_paste_board_v1/quantum/matrix_common.o
                0x100020ac                matrix_output_unselect_delay
 .text.gpio_atomic_set_pin_input_high
                0x100020b4       0x44 .build/obj_copy_paste_board_v1/quantum/matrix.o
 .text.matrix_init_pins
                0x100020f8       0x28 .build/obj_copy_paste_board_v1/quantum/matrix.o
                0x100020f8                matrix_init_pins
 .text.matrix_read_cols_on_row
                0x10002120       0xb4 .build/obj_copy_paste_board_v1/quantum/matrix.o
                0x10002120                matrix_read_cols_on_row
 .text.matrix_init
                0x100021d4       0x2c .build/obj_copy_paste_board_v1/quantum/matrix.o
                0x100021d4                matrix_init
 .text.matrix_scan
                0x10002200       0x5c .build/obj_copy_paste_board_v1/quantum/matrix.o
                0x10002200                matrix_scan
 .text.debounce_init
                0x1000225c        0x2 .build/obj_copy_paste_board_v1/quantum/debounce/sym_defer_g.o
                0x1000225c                debounce_init
 *fill*         0x1000225e        0x2 
 .text.debounce
                0x10002260       0x58 .build/obj_copy_paste_board_v1/quantum/debounce/sym_defer_g.o
                0x10002260                debounce
 .text.protocol_keyboard_task
                0x100022b8        0x8 .build/obj_copy_paste_board_v1/quantum/main.o
                0x100022b8                protocol_keyboard_task
 .text.startup.main
                0x100022c0       0x30 .build/obj_copy_paste_board_v1/quantum/main.o
                0x100022c0                main
 .text.eeprom_read_byte
                0x100022f0       0x18 .build/obj_copy_paste_board_v1/eeprom_driver.o
                0x100022f0                eeprom_read_byte
 .text.eeprom_read_word
                0x10002308       0x18 .build/obj_copy_paste_board_v1/eeprom_driver.o
                0x10002308                eeprom_read_word
 .text.eeprom_read_dword
                0x10002320       0x14 .build/obj_copy_paste_board_v1/eeprom_driver.o
                0x10002320                eeprom_read_dword
 .text.eeprom_write_byte
                0x10002334       0x12 .build/obj_copy_paste_board_v1/eeprom_driver.o
                0x10002334                eeprom_write_byte
 .text.eeprom_write_word
                0x10002346       0x12 .build/obj_copy_paste_board_v1/eeprom_driver.o
                0x10002346                eeprom_write_word
 .text.eeprom_write_dword
                0x10002358       0x10 .build/obj_copy_paste_board_v1/eeprom_driver.o
                0x10002358                eeprom_write_dword
 .text.eeprom_update_byte
                0x10002368       0x18 .build/obj_copy_paste_board_v1/eeprom_driver.o
                0x10002368                eeprom_update_byte
 .text.eeprom_update_word
                0x10002380       0x18 .build/obj_copy_paste_board_v1/eeprom_driver.o
                0x10002380                eeprom_update_word
 .text.eeprom_update_dword
                0x10002398       0x18 .build/obj_copy_paste_board_v1/eeprom_driver.o
                0x10002398                eeprom_update_dword
 .text.eeprom_driver_init
                0x100023b0        0x8 .build/obj_copy_paste_board_v1/eeprom_wear_leveling.o
                0x100023b0                eeprom_driver_init
 .text.eeprom_driver_format
                0x100023b8        0x8 .build/obj_copy_paste_board_v1/eeprom_wear_leveling.o
                0x100023b8                eeprom_driver_format
 .text.eeprom_read_block
                0x100023c0        0xe .build/obj_copy_paste_board_v1/eeprom_wear_leveling.o
                0x100023c0                eeprom_read_block
 .text.eeprom_write_block
                0x100023ce        0xe .build/obj_copy_paste_board_v1/eeprom_wear_leveling.o
                0x100023ce                eeprom_write_block
 .text.wear_leveling_clear_cache
                0x100023dc       0x24 .build/obj_copy_paste_board_v1/wear_leveling.o
 .text.wear_leveling_unlock
                0x10002400       0x24 .build/obj_copy_paste_board_v1/wear_leveling.o
 .text.wear_leveling_lock
                0x10002424       0x28 .build/obj_copy_paste_board_v1/wear_leveling.o
 .text.wear_leveling_erase
                0x1000244c       0x2e .build/obj_copy_paste_board_v1/wear_leveling.o
                0x1000244c                wear_leveling_erase
 *fill*         0x1000247a        0x2 
 .text.wear_leveling_read
                0x1000247c       0x24 .build/obj_copy_paste_board_v1/wear_leveling.o
                0x1000247c                wear_leveling_read
 .text.wear_leveling_consolidate_force
                0x100024a0       0x6c .build/obj_copy_paste_board_v1/wear_leveling.o
 .text.wear_leveling_consolidate_if_needed
                0x1000250c       0x20 .build/obj_copy_paste_board_v1/wear_leveling.o
 .text.wear_leveling_append_raw
                0x1000252c       0x28 .build/obj_copy_paste_board_v1/wear_leveling.o
 .text.wear_leveling_write
                0x10002554      0x154 .build/obj_copy_paste_board_v1/wear_leveling.o
                0x10002554                wear_leveling_write
 .text.wear_leveling_init
                0x100026a8      0x188 .build/obj_copy_paste_board_v1/wear_leveling.o
                0x100026a8                wear_leveling_init
 .text.backing_store_init
                0x10002830       0x1c .build/obj_copy_paste_board_v1/wear_leveling_rp2040_flash.o
                0x10002830                backing_store_init
 .text.backing_store_unlock
                0x1000284c        0x4 .build/obj_copy_paste_board_v1/wear_leveling_rp2040_flash.o
                0x1000284c                backing_store_unlock
 .text.backing_store_erase
                0x10002850       0x28 .build/obj_copy_paste_board_v1/wear_leveling_rp2040_flash.o
                0x10002850                backing_store_erase
 .text.backing_store_write_bulk
                0x10002878       0x24 .build/obj_copy_paste_board_v1/wear_leveling_rp2040_flash.o
                0x10002878                backing_store_write_bulk
 .text.backing_store_write
                0x1000289c       0x12 .build/obj_copy_paste_board_v1/wear_leveling_rp2040_flash.o
                0x1000289c                backing_store_write
 .text.backing_store_lock
                0x100028ae        0x4 .build/obj_copy_paste_board_v1/wear_leveling_rp2040_flash.o
                0x100028ae                backing_store_lock
 *fill*         0x100028b2        0x2 
 .text.backing_store_read_bulk
                0x100028b4       0x20 .build/obj_copy_paste_board_v1/wear_leveling_rp2040_flash.o
                0x100028b4                backing_store_read_bulk
 .text.backing_store_read
                0x100028d4        0xc .build/obj_copy_paste_board_v1/wear_leveling_rp2040_flash.o
                0x100028d4                backing_store_read
 .text.raw_hid_send
                0x100028e0        0x8 .build/obj_copy_paste_board_v1/raw_hid.o
                0x100028e0                raw_hid_send
 .text.raw_hid_receive
                0x100028e8        0x2 .build/obj_copy_paste_board_v1/raw_hid.o
                0x100028e8                raw_hid_receive
 .text.fnv_64a_buf
                0x100028ea       0x7c .build/obj_copy_paste_board_v1/hash_64a.o
                0x100028ea                fnv_64a_buf
 .text.oled_send_cmd
                0x10002966       0x16 .build/obj_copy_paste_board_v1/oled_driver.o
                0x10002966                oled_send_cmd
 .text.oled_send_cmd_P
                0x1000297c        0x8 .build/obj_copy_paste_board_v1/oled_driver.o
                0x1000297c                oled_send_cmd_P
 .text.oled_send_data
                0x10002984       0x1a .build/obj_copy_paste_board_v1/oled_driver.o
                0x10002984                oled_send_data
 .text.oled_driver_init
                0x1000299e        0x8 .build/obj_copy_paste_board_v1/oled_driver.o
                0x1000299e                oled_driver_init
 .text.oled_init_kb
                0x100029a6        0x2 .build/obj_copy_paste_board_v1/oled_driver.o
                0x100029a6                oled_init_kb
 .text.oled_init_user
                0x100029a8        0x2 .build/obj_copy_paste_board_v1/oled_driver.o
                0x100029a8                oled_init_user
 *fill*         0x100029aa        0x2 
 .text.oled_clear
                0x100029ac       0x2c .build/obj_copy_paste_board_v1/oled_driver.o
                0x100029ac                oled_clear
 .text.oled_init
                0x100029d8       0x8c .build/obj_copy_paste_board_v1/oled_driver.o
                0x100029d8                oled_init
 .text.oled_set_cursor
                0x10002a64       0x30 .build/obj_copy_paste_board_v1/oled_driver.o
                0x10002a64                oled_set_cursor
 .text.oled_advance_char
                0x10002a94       0x44 .build/obj_copy_paste_board_v1/oled_driver.o
                0x10002a94                oled_advance_char
 .text.oled_write_char
                0x10002ad8       0xb0 .build/obj_copy_paste_board_v1/oled_driver.o
                0x10002ad8                oled_write_char
 .text.oled_advance_page
                0x10002b88       0x6c .build/obj_copy_paste_board_v1/oled_driver.o
                0x10002b88                oled_advance_page
 .text.oled_write
                0x10002bf4       0x1e .build/obj_copy_paste_board_v1/oled_driver.o
                0x10002bf4                oled_write
 .text.oled_write_ln
                0x10002c12        0xe .build/obj_copy_paste_board_v1/oled_driver.o
                0x10002c12                oled_write_ln
 .text.oled_on  0x10002c20       0x38 .build/obj_copy_paste_board_v1/oled_driver.o
                0x10002c20                oled_on
 .text.oled_render_dirty
                0x10002c58      0x158 .build/obj_copy_paste_board_v1/oled_driver.o
                0x10002c58                oled_render_dirty
 .text.oled_off
                0x10002db0       0x3c .build/obj_copy_paste_board_v1/oled_driver.o
                0x10002db0                oled_off
 .text.oled_task_user
                0x10002dec        0x4 .build/obj_copy_paste_board_v1/oled_driver.o
                0x10002dec                oled_task_user
 .text.oled_task_kb
                0x10002df0        0x8 .build/obj_copy_paste_board_v1/oled_driver.o
                0x10002df0                oled_task_kb
 .text.oled_task
                0x10002df8       0x24 .build/obj_copy_paste_board_v1/oled_driver.o
                0x10002df8                oled_task
 .text.bootmagic_reset_eeprom
                0x10002e1c        0x8 .build/obj_copy_paste_board_v1/quantum/bootmagic/bootmagic.o
                0x10002e1c                bootmagic_reset_eeprom
 .text.bootmagic_should_reset
                0x10002e24        0xe .build/obj_copy_paste_board_v1/quantum/bootmagic/bootmagic.o
                0x10002e24                bootmagic_should_reset
 *fill*         0x10002e32        0x2 
 .text.bootmagic_scan
                0x10002e34       0x28 .build/obj_copy_paste_board_v1/quantum/bootmagic/bootmagic.o
                0x10002e34                bootmagic_scan
 .text.bootmagic
                0x10002e5c        0x8 .build/obj_copy_paste_board_v1/quantum/bootmagic/bootmagic.o
                0x10002e5c                bootmagic
 .text.process_grave_esc
                0x10002e64       0x54 .build/obj_copy_paste_board_v1/quantum/process_keycode/process_grave_esc.o
                0x10002e64                process_grave_esc
 .text.process_magic
                0x10002eb8      0x1b4 .build/obj_copy_paste_board_v1/quantum/process_keycode/process_magic.o
                0x10002eb8                process_magic
 .text.times_inv_sqrt2
                0x1000306c       0x1e .build/obj_copy_paste_board_v1/quantum/mousekey.o
 *fill*         0x1000308a        0x2 
 .text.move_unit
                0x1000308c       0x6c .build/obj_copy_paste_board_v1/quantum/mousekey.o
 .text.wheel_unit
                0x100030f8       0x68 .build/obj_copy_paste_board_v1/quantum/mousekey.o
 .text.mousekey_on
                0x10003160       0xa8 .build/obj_copy_paste_board_v1/quantum/mousekey.o
                0x10003160                mousekey_on
 .text.mousekey_off
                0x10003208       0xe8 .build/obj_copy_paste_board_v1/quantum/mousekey.o
                0x10003208                mousekey_off
 .text.mousekey_send
                0x100032f0       0x3c .build/obj_copy_paste_board_v1/quantum/mousekey.o
                0x100032f0                mousekey_send
 .text.mousekey_clear
                0x1000332c       0x2c .build/obj_copy_paste_board_v1/quantum/mousekey.o
                0x1000332c                mousekey_clear
 .text.should_mousekey_report_send
                0x10003358       0x26 .build/obj_copy_paste_board_v1/quantum/mousekey.o
                0x10003358                should_mousekey_report_send
 *fill*         0x1000337e        0x2 
 .text.mousekey_task
                0x10003380      0x17c .build/obj_copy_paste_board_v1/quantum/mousekey.o
                0x10003380                mousekey_task
 .text.perform_space_cadet
                0x100034fc       0xb4 .build/obj_copy_paste_board_v1/quantum/process_keycode/process_space_cadet.o
                0x100034fc                perform_space_cadet
 .text.process_space_cadet
                0x100035b0       0xa8 .build/obj_copy_paste_board_v1/quantum/process_keycode/process_space_cadet.o
                0x100035b0                process_space_cadet
 .text.host_set_driver
                0x10003658        0xc .build/obj_copy_paste_board_v1/protocol/host.o
                0x10003658                host_set_driver
 .text.host_init
                0x10003664        0x2 .build/obj_copy_paste_board_v1/protocol/host.o
                0x10003664                host_init
 .text.host_task
                0x10003666        0x2 .build/obj_copy_paste_board_v1/protocol/host.o
                0x10003666                host_task
 .text.host_can_send_nkro
                0x10003668       0x10 .build/obj_copy_paste_board_v1/protocol/host.o
                0x10003668                host_can_send_nkro
 .text.host_keyboard_leds
                0x10003678       0x18 .build/obj_copy_paste_board_v1/protocol/host.o
                0x10003678                host_keyboard_leds
 .text.host_keyboard_send
                0x10003690       0x18 .build/obj_copy_paste_board_v1/protocol/host.o
                0x10003690                host_keyboard_send
 .text.host_nkro_send
                0x100036a8       0x1c .build/obj_copy_paste_board_v1/protocol/host.o
                0x100036a8                host_nkro_send
 .text.host_mouse_send
                0x100036c4       0x1c .build/obj_copy_paste_board_v1/protocol/host.o
                0x100036c4                host_mouse_send
 .text.host_system_send
                0x100036e0       0x34 .build/obj_copy_paste_board_v1/protocol/host.o
                0x100036e0                host_system_send
 .text.host_consumer_send
                0x10003714       0x34 .build/obj_copy_paste_board_v1/protocol/host.o
                0x10003714                host_consumer_send
 .text.host_raw_hid_send
                0x10003748       0x18 .build/obj_copy_paste_board_v1/protocol/host.o
                0x10003748                host_raw_hid_send
 .text.has_anykey
                0x10003760       0x48 .build/obj_copy_paste_board_v1/protocol/report.o
                0x10003760                has_anykey
 .text.is_key_pressed
                0x100037a8       0x60 .build/obj_copy_paste_board_v1/protocol/report.o
                0x100037a8                is_key_pressed
 .text.add_key_byte
                0x10003808       0x2a .build/obj_copy_paste_board_v1/protocol/report.o
                0x10003808                add_key_byte
 .text.del_key_byte
                0x10003832       0x18 .build/obj_copy_paste_board_v1/protocol/report.o
                0x10003832                del_key_byte
 .text.add_key_bit
                0x1000384a       0x18 .build/obj_copy_paste_board_v1/protocol/report.o
                0x1000384a                add_key_bit
 .text.del_key_bit
                0x10003862       0x18 .build/obj_copy_paste_board_v1/protocol/report.o
                0x10003862                del_key_bit
 *fill*         0x1000387a        0x2 
 .text.add_key_to_report
                0x1000387c       0x38 .build/obj_copy_paste_board_v1/protocol/report.o
                0x1000387c                add_key_to_report
 .text.del_key_from_report
                0x100038b4       0x38 .build/obj_copy_paste_board_v1/protocol/report.o
                0x100038b4                del_key_from_report
 .text.clear_keys_from_report
                0x100038ec       0x38 .build/obj_copy_paste_board_v1/protocol/report.o
                0x100038ec                clear_keys_from_report
 .text.has_mouse_report_changed
                0x10003924       0x58 .build/obj_copy_paste_board_v1/protocol/report.o
                0x10003924                has_mouse_report_changed
 .text.notify_usb_device_state_change_user
                0x1000397c        0x6 .build/obj_copy_paste_board_v1/protocol/usb_device_state.o
                0x1000397c                notify_usb_device_state_change_user
 .text.notify_usb_device_state_change_kb
                0x10003982        0x8 .build/obj_copy_paste_board_v1/protocol/usb_device_state.o
                0x10003982                notify_usb_device_state_change_kb
 *fill*         0x1000398a        0x2 
 .text.usb_device_state_set_configuration
                0x1000398c       0x1c .build/obj_copy_paste_board_v1/protocol/usb_device_state.o
                0x1000398c                usb_device_state_set_configuration
 .text.usb_device_state_set_suspend
                0x100039a8       0x1c .build/obj_copy_paste_board_v1/protocol/usb_device_state.o
                0x100039a8                usb_device_state_set_suspend
 .text.usb_device_state_set_resume
                0x100039c4        0x8 .build/obj_copy_paste_board_v1/protocol/usb_device_state.o
                0x100039c4                usb_device_state_set_resume
 .text.usb_device_state_set_reset
                0x100039cc       0x1c .build/obj_copy_paste_board_v1/protocol/usb_device_state.o
                0x100039cc                usb_device_state_set_reset
 .text.usb_device_state_init
                0x100039e8        0x8 .build/obj_copy_paste_board_v1/protocol/usb_device_state.o
                0x100039e8                usb_device_state_init
 .text.usb_device_state_set_protocol
                0x100039f0       0x20 .build/obj_copy_paste_board_v1/protocol/usb_device_state.o
                0x100039f0                usb_device_state_set_protocol
 .text.usb_device_state_get_protocol
                0x10003a10        0xc .build/obj_copy_paste_board_v1/protocol/usb_device_state.o
                0x10003a10                usb_device_state_get_protocol
 .text.usb_device_state_set_leds
                0x10003a1c       0x1c .build/obj_copy_paste_board_v1/protocol/usb_device_state.o
                0x10003a1c                usb_device_state_set_leds
 .text.usb_device_state_get_leds
                0x10003a38        0xc .build/obj_copy_paste_board_v1/protocol/usb_device_state.o
                0x10003a38                usb_device_state_get_leds
 .text.usb_device_state_set_idle_rate
                0x10003a44       0x1c .build/obj_copy_paste_board_v1/protocol/usb_device_state.o
                0x10003a44                usb_device_state_set_idle_rate
 .text.matrix_power_up
                0x10003a60        0x2 .build/obj_copy_paste_board_v1/platforms/suspend.o
                0x10003a60                matrix_power_up
 .text.matrix_power_down
                0x10003a62        0x2 .build/obj_copy_paste_board_v1/platforms/suspend.o
                0x10003a62                matrix_power_down
 .text.suspend_power_down_user
                0x10003a64        0x2 .build/obj_copy_paste_board_v1/platforms/suspend.o
                0x10003a64                suspend_power_down_user
 .text.suspend_power_down_kb
                0x10003a66        0x8 .build/obj_copy_paste_board_v1/platforms/suspend.o
                0x10003a66                suspend_power_down_kb
 .text.suspend_wakeup_init_user
                0x10003a6e        0x2 .build/obj_copy_paste_board_v1/platforms/suspend.o
                0x10003a6e                suspend_wakeup_init_user
 .text.suspend_wakeup_init_kb
                0x10003a70        0x8 .build/obj_copy_paste_board_v1/platforms/suspend.o
                0x10003a70                suspend_wakeup_init_kb
 .text.suspend_wakeup_condition
                0x10003a78       0x30 .build/obj_copy_paste_board_v1/platforms/suspend.o
                0x10003a78                suspend_wakeup_condition
 .text.keypress_is_wakeup_key
                0x10003aa8       0x18 .build/obj_copy_paste_board_v1/platforms/suspend.o
                0x10003aa8                keypress_is_wakeup_key
 .text.wakeup_matrix_handle_key_event
                0x10003ac0       0x18 .build/obj_copy_paste_board_v1/platforms/suspend.o
                0x10003ac0                wakeup_matrix_handle_key_event
 .text.timer_elapsed
                0x10003ad8        0xe .build/obj_copy_paste_board_v1/platforms/timer.o
                0x10003ad8                timer_elapsed
 .text.timer_elapsed32
                0x10003ae6        0xc .build/obj_copy_paste_board_v1/platforms/timer.o
                0x10003ae6                timer_elapsed32
 .text.get_hardware_id
                0x10003af2       0x28 .build/obj_copy_paste_board_v1/platforms/chibios/hardware_id.o
                0x10003af2                get_hardware_id
 .text.platform_setup
                0x10003b1a        0xc .build/obj_copy_paste_board_v1/platforms/chibios/platform.o
                0x10003b1a                platform_setup
 *fill*         0x10003b26        0x2 
 .text.suspend_power_down
                0x10003b28       0x14 .build/obj_copy_paste_board_v1/platforms/chibios/suspend.o
                0x10003b28                suspend_power_down
 .text.suspend_wakeup_init
                0x10003b3c       0x24 .build/obj_copy_paste_board_v1/platforms/chibios/suspend.o
                0x10003b3c                suspend_wakeup_init
 .text.timer_clear
                0x10003b60       0x40 .build/obj_copy_paste_board_v1/platforms/chibios/timer.o
                0x10003b60                timer_clear
 .text.timer_init
                0x10003ba0        0x8 .build/obj_copy_paste_board_v1/platforms/chibios/timer.o
                0x10003ba0                timer_init
 .text.timer_read32
                0x10003ba8       0x7c .build/obj_copy_paste_board_v1/platforms/chibios/timer.o
                0x10003ba8                timer_read32
 .text.timer_read
                0x10003c24        0xa .build/obj_copy_paste_board_v1/platforms/chibios/timer.o
                0x10003c24                timer_read
 *fill*         0x10003c2e        0x2 
 .text.mcu_reset
                0x10003c30       0x1c .build/obj_copy_paste_board_v1/platforms/chibios/bootloaders/rp2040.o
                0x10003c30                mcu_reset
 .text.bootloader_jump
                0x10003c4c       0x14 .build/obj_copy_paste_board_v1/platforms/chibios/bootloaders/rp2040.o
                0x10003c4c                bootloader_jump
 .text.__late_init
                0x10003c60       0x40 .build/obj_copy_paste_board_v1/platforms/chibios/bootloaders/rp2040.o
                0x10003c60                __late_init
 .text.i2c_epilogue
                0x10003ca0       0x20 .build/obj_copy_paste_board_v1/i2c_master.a(i2c_master.o)
 .text.i2c_init
                0x10003cc0       0x54 .build/obj_copy_paste_board_v1/i2c_master.a(i2c_master.o)
                0x10003cc0                i2c_init
 .text.i2c_transmit
                0x10003d14       0x60 .build/obj_copy_paste_board_v1/i2c_master.a(i2c_master.o)
                0x10003d14                i2c_transmit
 .text.i2c_write_register
                0x10003d74       0x98 .build/obj_copy_paste_board_v1/i2c_master.a(i2c_master.o)
                0x10003d74                i2c_write_register
 .text.port_lock
                0x10003e0c       0x16 .build/obj_copy_paste_board_v1/protocol/chibios/usb_main.o
 *fill*         0x10003e22        0x2 
 .text.usb_requests_hook_cb
                0x10003e24      0x118 .build/obj_copy_paste_board_v1/protocol/chibios/usb_main.o
 .text.usb_get_descriptor_cb
                0x10003f3c       0x3c .build/obj_copy_paste_board_v1/protocol/chibios/usb_main.o
 .text.set_led_transfer_cb
                0x10003f78       0x2c .build/obj_copy_paste_board_v1/protocol/chibios/usb_main.o
 .text.usb_event_queue_enqueue.isra.0
                0x10003fa4       0x28 .build/obj_copy_paste_board_v1/protocol/chibios/usb_main.o
 .text.usb_event_cb
                0x10003fcc       0xcc .build/obj_copy_paste_board_v1/protocol/chibios/usb_main.o
 .text.usb_event_queue_init
                0x10004098       0x24 .build/obj_copy_paste_board_v1/protocol/chibios/usb_main.o
                0x10004098                usb_event_queue_init
 .text.usb_event_queue_task
                0x100040bc       0xac .build/obj_copy_paste_board_v1/protocol/chibios/usb_main.o
                0x100040bc                usb_event_queue_task
 .text.init_usb_driver
                0x10004168       0x70 .build/obj_copy_paste_board_v1/protocol/chibios/usb_main.o
                0x10004168                init_usb_driver
 .text.send_report
                0x100041d8       0x20 .build/obj_copy_paste_board_v1/protocol/chibios/usb_main.o
                0x100041d8                send_report
 .text.send_keyboard
                0x100041f8       0x1c .build/obj_copy_paste_board_v1/protocol/chibios/usb_main.o
                0x100041f8                send_keyboard
 .text.send_nkro
                0x10004214        0xe .build/obj_copy_paste_board_v1/protocol/chibios/usb_main.o
                0x10004214                send_nkro
 .text.send_mouse
                0x10004222        0xe .build/obj_copy_paste_board_v1/protocol/chibios/usb_main.o
                0x10004222                send_mouse
 .text.send_extra
                0x10004230        0xe .build/obj_copy_paste_board_v1/protocol/chibios/usb_main.o
                0x10004230                send_extra
 .text.send_raw_hid
                0x1000423e       0x12 .build/obj_copy_paste_board_v1/protocol/chibios/usb_main.o
                0x1000423e                send_raw_hid
 .text.raw_hid_task
                0x10004250       0x28 .build/obj_copy_paste_board_v1/protocol/chibios/usb_main.o
                0x10004250                raw_hid_task
 .text.early_hardware_init_pre
                0x10004278        0x2 .build/obj_copy_paste_board_v1/protocol/chibios/chibios.o
                0x10004278                early_hardware_init_pre
 .text.early_hardware_init_post
                0x1000427a        0x2 .build/obj_copy_paste_board_v1/protocol/chibios/chibios.o
                0x1000427a                early_hardware_init_post
 .text.board_init
                0x1000427c        0x2 .build/obj_copy_paste_board_v1/protocol/chibios/chibios.o
                0x1000427c                board_init
 .text.__early_init
                0x1000427e       0x10 .build/obj_copy_paste_board_v1/protocol/chibios/chibios.o
                0x1000427e                __early_init
 .text.boardInit
                0x1000428e        0xc .build/obj_copy_paste_board_v1/protocol/chibios/chibios.o
                0x1000428e                boardInit
 .text.protocol_setup
                0x1000429a        0x8 .build/obj_copy_paste_board_v1/protocol/chibios/chibios.o
                0x1000429a                protocol_setup
 *fill*         0x100042a2        0x2 
 .text.protocol_pre_init
                0x100042a4       0x1c .build/obj_copy_paste_board_v1/protocol/chibios/chibios.o
                0x100042a4                protocol_pre_init
 .text.protocol_post_init
                0x100042c0       0x10 .build/obj_copy_paste_board_v1/protocol/chibios/chibios.o
                0x100042c0                protocol_post_init
 .text.protocol_pre_task
                0x100042d0       0x3c .build/obj_copy_paste_board_v1/protocol/chibios/chibios.o
                0x100042d0                protocol_pre_task
 .text.protocol_post_task
                0x1000430c        0x8 .build/obj_copy_paste_board_v1/protocol/chibios/chibios.o
                0x1000430c                protocol_post_task
 .text.set_serial_number_descriptor
                0x10004314       0x60 .build/obj_copy_paste_board_v1/usb_descriptor.o
                0x10004314                set_serial_number_descriptor
 .text.get_usb_descriptor
                0x10004374       0xa4 .build/obj_copy_paste_board_v1/usb_descriptor.o
                0x10004374                get_usb_descriptor
 .text.port_lock
                0x10004418       0x16 .build/obj_copy_paste_board_v1/protocol/chibios/usb_driver.o
 .text.port_unlock
                0x1000442e       0x12 .build/obj_copy_paste_board_v1/protocol/chibios/usb_driver.o
 .text.obnotify
                0x10004440       0x38 .build/obj_copy_paste_board_v1/protocol/chibios/usb_driver.o
 .text.usb_start_receive
                0x10004478       0x36 .build/obj_copy_paste_board_v1/protocol/chibios/usb_driver.o
 .text.ibnotify
                0x100044ae        0xa .build/obj_copy_paste_board_v1/protocol/chibios/usb_driver.o
 .text.usb_endpoint_in_init
                0x100044b8       0x2c .build/obj_copy_paste_board_v1/protocol/chibios/usb_driver.o
                0x100044b8                usb_endpoint_in_init
 .text.usb_endpoint_out_init
                0x100044e4       0x28 .build/obj_copy_paste_board_v1/protocol/chibios/usb_driver.o
                0x100044e4                usb_endpoint_out_init
 .text.usb_endpoint_in_start
                0x1000450c       0x24 .build/obj_copy_paste_board_v1/protocol/chibios/usb_driver.o
                0x1000450c                usb_endpoint_in_start
 .text.usb_endpoint_out_start
                0x10004530       0x22 .build/obj_copy_paste_board_v1/protocol/chibios/usb_driver.o
                0x10004530                usb_endpoint_out_start
 .text.usb_endpoint_in_suspend_cb
                0x10004552       0x26 .build/obj_copy_paste_board_v1/protocol/chibios/usb_driver.o
                0x10004552                usb_endpoint_in_suspend_cb
 .text.usb_endpoint_out_suspend_cb
                0x10004578       0x18 .build/obj_copy_paste_board_v1/protocol/chibios/usb_driver.o
                0x10004578                usb_endpoint_out_suspend_cb
 .text.usb_endpoint_in_wakeup_cb
                0x10004590        0x6 .build/obj_copy_paste_board_v1/protocol/chibios/usb_driver.o
                0x10004590                usb_endpoint_in_wakeup_cb
 .text.usb_endpoint_out_wakeup_cb
                0x10004596        0x6 .build/obj_copy_paste_board_v1/protocol/chibios/usb_driver.o
                0x10004596                usb_endpoint_out_wakeup_cb
 .text.usb_endpoint_in_configure_cb
                0x1000459c       0x20 .build/obj_copy_paste_board_v1/protocol/chibios/usb_driver.o
                0x1000459c                usb_endpoint_in_configure_cb
 .text.usb_endpoint_out_configure_cb
                0x100045bc       0x26 .build/obj_copy_paste_board_v1/protocol/chibios/usb_driver.o
                0x100045bc                usb_endpoint_out_configure_cb
 .text.usb_endpoint_in_tx_complete_cb
                0x100045e2       0xa4 .build/obj_copy_paste_board_v1/protocol/chibios/usb_driver.o
                0x100045e2                usb_endpoint_in_tx_complete_cb
 .text.usb_endpoint_out_rx_complete_cb
                0x10004686       0x4a .build/obj_copy_paste_board_v1/protocol/chibios/usb_driver.o
                0x10004686                usb_endpoint_out_rx_complete_cb
 .text.usb_endpoint_in_send
                0x100046d0       0x8e .build/obj_copy_paste_board_v1/protocol/chibios/usb_driver.o
                0x100046d0                usb_endpoint_in_send
 .text.usb_endpoint_in_is_inactive
                0x1000475e       0x34 .build/obj_copy_paste_board_v1/protocol/chibios/usb_driver.o
                0x1000475e                usb_endpoint_in_is_inactive
 .text.usb_endpoint_out_receive
                0x10004792       0x50 .build/obj_copy_paste_board_v1/protocol/chibios/usb_driver.o
                0x10004792                usb_endpoint_out_receive
 .text.port_lock
                0x100047e2       0x16 .build/obj_copy_paste_board_v1/protocol/chibios/usb_report_handling.o
 .text.port_unlock
                0x100047f8       0x12 .build/obj_copy_paste_board_v1/protocol/chibios/usb_report_handling.o
 .text.usb_set_report
                0x1000480a       0x24 .build/obj_copy_paste_board_v1/protocol/chibios/usb_report_handling.o
                0x1000480a                usb_set_report
 .text.usb_get_report
                0x1000482e       0x1a .build/obj_copy_paste_board_v1/protocol/chibios/usb_report_handling.o
                0x1000482e                usb_get_report
 .text.usb_reset_report
                0x10004848       0x20 .build/obj_copy_paste_board_v1/protocol/chibios/usb_report_handling.o
                0x10004848                usb_reset_report
 .text.usb_shared_set_report
                0x10004868       0x2c .build/obj_copy_paste_board_v1/protocol/chibios/usb_report_handling.o
                0x10004868                usb_shared_set_report
 .text.usb_shared_get_report
                0x10004894       0x20 .build/obj_copy_paste_board_v1/protocol/chibios/usb_report_handling.o
                0x10004894                usb_shared_get_report
 .text.usb_shared_reset_report
                0x100048b4       0x2a .build/obj_copy_paste_board_v1/protocol/chibios/usb_report_handling.o
                0x100048b4                usb_shared_reset_report
 *fill*         0x100048de        0x2 
 .text.usb_get_report_cb
                0x100048e0       0x64 .build/obj_copy_paste_board_v1/protocol/chibios/usb_report_handling.o
                0x100048e0                usb_get_report_cb
 .text.usb_set_idle_rate
                0x10004944       0x1c .build/obj_copy_paste_board_v1/protocol/chibios/usb_report_handling.o
                0x10004944                usb_set_idle_rate
 .text.usb_get_idle_rate
                0x10004960        0xe .build/obj_copy_paste_board_v1/protocol/chibios/usb_report_handling.o
                0x10004960                usb_get_idle_rate
 *fill*         0x1000496e        0x2 
 .text.usb_idle_timer_elapsed
                0x10004970       0x54 .build/obj_copy_paste_board_v1/protocol/chibios/usb_report_handling.o
                0x10004970                usb_idle_timer_elapsed
 .text.usb_shared_set_idle_rate
                0x100049c4       0x24 .build/obj_copy_paste_board_v1/protocol/chibios/usb_report_handling.o
                0x100049c4                usb_shared_set_idle_rate
 .text.usb_shared_get_idle_rate
                0x100049e8       0x18 .build/obj_copy_paste_board_v1/protocol/chibios/usb_report_handling.o
                0x100049e8                usb_shared_get_idle_rate
 .text.usb_shared_idle_timer_elapsed
                0x10004a00       0x58 .build/obj_copy_paste_board_v1/protocol/chibios/usb_report_handling.o
                0x10004a00                usb_shared_idle_timer_elapsed
 .text.usb_idle_task
                0x10004a58       0xf8 .build/obj_copy_paste_board_v1/protocol/chibios/usb_report_handling.o
                0x10004a58                usb_idle_task
 .text.usb_get_idle_cb
                0x10004b50       0x60 .build/obj_copy_paste_board_v1/protocol/chibios/usb_report_handling.o
                0x10004b50                usb_get_idle_cb
 .text.usb_set_idle_cb
                0x10004bb0       0x58 .build/obj_copy_paste_board_v1/protocol/chibios/usb_report_handling.o
                0x10004bb0                usb_set_idle_cb
 .text.__cpu_init
                0x10004c08        0x2 .build/obj_copy_paste_board_v1/lib/chibios/os/common/startup/ARMCMx/compilers/GCC/crt1.o
                0x10004c08                __cpu_init
 .text.__default_exit
                0x10004c0a        0x2 .build/obj_copy_paste_board_v1/lib/chibios/os/common/startup/ARMCMx/compilers/GCC/crt1.o
                0x10004c0a                __default_exit
 .text.__init_ram_areas
                0x10004c0c       0x44 .build/obj_copy_paste_board_v1/lib/chibios/os/common/startup/ARMCMx/compilers/GCC/crt1.o
                0x10004c0c                __init_ram_areas
 .text.chSysInit
                0x10004c50       0x40 .build/obj_copy_paste_board_v1/lib/chibios/os/rt/src/chsys.o
                0x10004c50                chSysInit
 .text.chSysHalt
                0x10004c90       0x24 .build/obj_copy_paste_board_v1/lib/chibios/os/rt/src/chsys.o
                0x10004c90                chSysHalt
 .text.chSysTimerHandlerI
                0x10004cb4        0x8 .build/obj_copy_paste_board_v1/lib/chibios/os/rt/src/chsys.o
                0x10004cb4                chSysTimerHandlerI
 .text.chSysGetStatusAndLockX
                0x10004cbc       0x32 .build/obj_copy_paste_board_v1/lib/chibios/os/rt/src/chsys.o
                0x10004cbc                chSysGetStatusAndLockX
 .text.chSysRestoreStatusX
                0x10004cee       0x28 .build/obj_copy_paste_board_v1/lib/chibios/os/rt/src/chsys.o
                0x10004cee                chSysRestoreStatusX
 *fill*         0x10004d16        0x2 
 .text.chSysPolledDelayX
                0x10004d18       0x14 .build/obj_copy_paste_board_v1/lib/chibios/os/rt/src/chsys.o
                0x10004d18                chSysPolledDelayX
 .text.chRFCUCollectFaultsI
                0x10004d2c       0x10 .build/obj_copy_paste_board_v1/lib/chibios/os/rt/src/chrfcu.o
                0x10004d2c                chRFCUCollectFaultsI
 .text.ch_dlist_insert
                0x10004d3c       0x2a .build/obj_copy_paste_board_v1/lib/chibios/os/rt/src/chvt.o
 *fill*         0x10004d66        0x2 
 .text.vt_insert_first
                0x10004d68       0x6c .build/obj_copy_paste_board_v1/lib/chibios/os/rt/src/chvt.o
 .text.vt_set_alarm
                0x10004dd4       0x48 .build/obj_copy_paste_board_v1/lib/chibios/os/rt/src/chvt.o
 .text.vt_enqueue
                0x10004e1c       0x44 .build/obj_copy_paste_board_v1/lib/chibios/os/rt/src/chvt.o
 .text.chVTDoSetI
                0x10004e60       0x2c .build/obj_copy_paste_board_v1/lib/chibios/os/rt/src/chvt.o
                0x10004e60                chVTDoSetI
 .text.chVTDoResetI
                0x10004e8c       0x7c .build/obj_copy_paste_board_v1/lib/chibios/os/rt/src/chvt.o
                0x10004e8c                chVTDoResetI
 .text.chVTDoTickI
                0x10004f08       0xe4 .build/obj_copy_paste_board_v1/lib/chibios/os/rt/src/chvt.o
                0x10004f08                chVTDoTickI
 .text.__sch_ready_behind
                0x10004fec       0x1c .build/obj_copy_paste_board_v1/lib/chibios/os/rt/src/chschd.o
 .text.__sch_ready_ahead
                0x10005008       0x1c .build/obj_copy_paste_board_v1/lib/chibios/os/rt/src/chschd.o
 .text.__sch_wakeup
                0x10005024       0x62 .build/obj_copy_paste_board_v1/lib/chibios/os/rt/src/chschd.o
 *fill*         0x10005086        0x2 
 .text.chSchReadyI
                0x10005088       0x2c .build/obj_copy_paste_board_v1/lib/chibios/os/rt/src/chschd.o
                0x10005088                chSchReadyI
 .text.chSchGoSleepS
                0x100050b4       0x2c .build/obj_copy_paste_board_v1/lib/chibios/os/rt/src/chschd.o
                0x100050b4                chSchGoSleepS
 .text.chSchGoSleepTimeoutS
                0x100050e0       0x4c .build/obj_copy_paste_board_v1/lib/chibios/os/rt/src/chschd.o
                0x100050e0                chSchGoSleepTimeoutS
 .text.chSchIsPreemptionRequired
                0x1000512c       0x24 .build/obj_copy_paste_board_v1/lib/chibios/os/rt/src/chschd.o
                0x1000512c                chSchIsPreemptionRequired
 .text.chSchDoPreemption